#
# There is insufficient memory for the Java Runtime Environment to continue.
# Native memory allocation (malloc) failed to allocate 1104496 bytes for Chunk::new
# Possible reasons:
#   The system is out of physical RAM or swap space
#   The process is running with CompressedOops enabled, and the Java Heap may be blocking the growth of the native heap
# Possible solutions:
#   Reduce memory load on the system
#   Increase physical memory or swap space
#   Check if swap backing store is full
#   Decrease Java heap size (-Xmx/-Xms)
#   Decrease number of Java threads
#   Decrease Java thread stack sizes (-Xss)
#   Set larger code cache with -XX:ReservedCodeCacheSize=
#   JVM is running with Zero Based Compressed Oops mode in which the Java heap is
#     placed in the first 32GB address space. The Java Heap base address is the
#     maximum limit for the native heap growth. Please use -XX:HeapBaseMinAddress
#     to set the Java Heap base and to place the Java Heap above 32GB virtual address.
# This output file may be truncated or incomplete.
#
#  Out of Memory Error (arena.cpp:189), pid=20632, tid=7848
#
# JRE version: Java(TM) SE Runtime Environment (17.0.9+11) (build 17.0.9+11-LTS-201)
# Java VM: Java HotSpot(TM) 64-Bit Server VM (17.0.9+11-LTS-201, mixed mode, sharing, tiered, compressed oops, compressed class ptrs, g1 gc, windows-amd64)
# No core dump will be written. Minidumps are not enabled by default on client versions of Windows
#

---------------  S U M M A R Y ------------

Command Line: --add-opens=java.base/java.util=ALL-UNNAMED --add-opens=java.base/java.lang=ALL-UNNAMED --add-opens=java.base/java.lang.invoke=ALL-UNNAMED --add-opens=java.prefs/java.util.prefs=ALL-UNNAMED --add-opens=java.base/java.nio.charset=ALL-UNNAMED --add-opens=java.base/java.net=ALL-UNNAMED --add-opens=java.base/java.util.concurrent.atomic=ALL-UNNAMED -Xmx3G -Dfile.encoding=windows-1252 -Duser.country=US -Duser.language=en -Duser.variant -javaagent:C:\Users\owenr\.gradle\wrapper\dists\gradle-8.8-bin\dl7vupf4psengwqhwktix4v1\gradle-8.8\lib\agents\gradle-instrumentation-agent-8.8.jar org.gradle.launcher.daemon.bootstrap.GradleDaemon 8.8

Host: AMD Ryzen 5 5600G with Radeon Graphics         , 12 cores, 15G,  Windows 11 , 64 bit Build 26100 (10.0.26100.9278)
Time: Sun Aug 30 00:17:13 2026 Pacific Daylight Time elapsed time: 12.386066 seconds (0d 0h 0m 12s)

---------------  T H R E A D  ---------------

Current thread (0x00000253fabcaae0):  JavaThread "C2 CompilerThread1" daemon [_thread_in_native, id=7848, stack(0x0000007f76000000,0x0000007f76100000)]


Current CompileTask:
C2:  12386 9576       4       java.util.regex.Pattern::compile (500 bytes)

Stack: [0x0000007f76000000,0x0000007f76100000]
Native frames: (J=compiled Java code, j=interpreted, Vv=VM code, C=native code)
V  [jvm.dll+0x678a4a]
V  [jvm.dll+0x7d9cfd]
V  [jvm.dll+0x7db60e]
V  [jvm.dll+0x7dbc73]
V  [jvm.dll+0x245e1f]
V  [jvm.dll+0xaaafb]
V  [jvm.dll+0xab09c]
V  [jvm.dll+0x36232f]
V  [jvm.dll+0x32ca01]
V  [jvm.dll+0x32be9a]
V  [jvm.dll+0x21812f]
V  [jvm.dll+0x217561]
V  [jvm.dll+0x1a3bc0]
V  [jvm.dll+0x2272de]
V  [jvm.dll+0x22548b]
V  [jvm.dll+0x78f58c]
V  [jvm.dll+0x78998a]
V  [jvm.dll+0x677875]
C  [ucrtbase.dll+0x2cd30]
C  [KERNEL32.DLL+0x2ccb7]
C  [ntdll.dll+0xacaec]


---------------  P R O C E S S  ---------------

Threads class SMR info:
_java_thread_list=0x00000253fdef3880, length=156, elements={
0x00000253938e93a0, 0x00000253b458d8b0, 0x00000253b458e380, 0x00000253b45ab150,
0x00000253b45aba20, 0x00000253b45ac2f0, 0x00000253b45aebd0, 0x00000253b45b07e0,
0x00000253b45b10f0, 0x00000253b45bcf10, 0x00000253b457b480, 0x00000253b4801940,
0x00000253fabb6130, 0x00000253fb36dd00, 0x00000253fbf2f1a0, 0x00000253fbbd62d0,
0x00000253fbe665e0, 0x00000253fb5aa080, 0x00000253fb5aafb0, 0x00000253fb5ad320,
0x00000253fb5abee0, 0x00000253fb5ad830, 0x00000253fb5ac3f0, 0x00000253fb5ac900,
0x00000253fb5ab4c0, 0x00000253fb5ace10, 0x00000253fb5aaaa0, 0x00000253fb5aa590,
0x00000253fc330de0, 0x00000253fc32ea70, 0x00000253fc32e560, 0x00000253fc332220,
0x00000253fc3312f0, 0x00000253fc32f490, 0x00000253fc32f9a0, 0x00000253fc331d10,
0x00000253fc32feb0, 0x00000253fc331800, 0x00000253fc332730, 0x00000253fc32ef80,
0x00000253fc332c40, 0x00000253fc333150, 0x00000253fc3308d0, 0x00000253fc333b70,
0x00000253fc3303c0, 0x00000253fc334080, 0x00000253fc334590, 0x00000253fc3354c0,
0x00000253fc3359d0, 0x00000253fc334aa0, 0x00000253fc335ee0, 0x00000253fc334fb0,
0x00000253fed28810, 0x00000253fed25060, 0x00000253fed25570, 0x00000253fed25f90,
0x00000253fed264a0, 0x00000253fed27df0, 0x00000253fed28d20, 0x00000253fed29230,
0x00000253fed25a80, 0x00000253fed28300, 0x00000253fed29740, 0x00000253fed29c50,
0x00000253fed2a160, 0x00000253fed269b0, 0x00000253fed2a670, 0x00000253fed26ec0,
0x00000253fed2ab80, 0x00000253fed273d0, 0x00000253fed2b090, 0x00000253fed278e0,
0x00000253fed2b5a0, 0x00000253fed2bab0, 0x00000253fed2bfc0, 0x00000253fed2c4d0,
0x00000253fed2c9e0, 0x00000253fefffee0, 0x00000253ff002760, 0x00000253ff0003f0,
0x00000253ff001d40, 0x00000253ff002250, 0x00000253ff000900, 0x00000253ff000e10,
0x00000253feffefb0, 0x00000253ff001320, 0x00000253ff002c70, 0x00000253ff001830,
0x00000253fefff4c0, 0x00000253fefff9d0, 0x00000253ff005f10, 0x00000253ff003180,
0x00000253ff003690, 0x00000253ff006420, 0x00000253ff0040b0, 0x00000253ff006930,
0x00000253ff003ba0, 0x00000253ff0045c0, 0x00000253ff004ad0, 0x00000253ff004fe0,
0x00000253ff0054f0, 0x00000253ff005a00, 0x00000253fb3fe4a0, 0x00000253fb3fe9b0,
0x00000253fb3ff3d0, 0x00000253fb3fc130, 0x00000253fb3fd570, 0x00000253fb3ffdf0,
0x00000253fb3fc640, 0x00000253fb3feec0, 0x00000253fb400300, 0x00000253fb3fda80,
0x00000253fb400810, 0x00000253fb400d20, 0x00000253fb3fdf90, 0x00000253fb401230,
0x00000253fb403090, 0x00000253fb401740, 0x00000253fb403ab0, 0x00000253fb401c50,
0x00000253fb402160, 0x00000253fb402670, 0x00000253fb4035a0, 0x00000253fb402b80,
0x00000253fb02d850, 0x00000253fb02f6b0, 0x00000253fb0300d0, 0x00000253fb0305e0,
0x00000253fb02ec90, 0x00000253fb02fbc0, 0x00000253fb02ce30, 0x00000253fb02f1a0,
0x00000253fb030af0, 0x00000253fb02d340, 0x00000253fb031000, 0x00000253fb031510,
0x00000253fb02dd60, 0x00000253fb031a20, 0x00000253fb02e270, 0x00000253fb02e780,
0x00000253fb031f30, 0x00000253fb032e60, 0x00000253fb032950, 0x00000253fb032440,
0x00000253fb033370, 0x00000253fb033880, 0x00000253fb033d90, 0x00000253fb0342a0,
0x00000253fb0347b0, 0x00000253fc6cdbb0, 0x00000253fc6cc260, 0x00000253fc6cc770,
0x00000253fc6cf500, 0x00000253fc6ce0c0, 0x00000253fabcaae0, 0x00000253fabc7b10
}

Java Threads: ( => current thread )
  0x00000253938e93a0 JavaThread "main" [_thread_blocked, id=24568, stack(0x0000007f74d00000,0x0000007f74e00000)]
  0x00000253b458d8b0 JavaThread "Reference Handler" daemon [_thread_blocked, id=21088, stack(0x0000007f75400000,0x0000007f75500000)]
  0x00000253b458e380 JavaThread "Finalizer" daemon [_thread_blocked, id=24300, stack(0x0000007f75500000,0x0000007f75600000)]
  0x00000253b45ab150 JavaThread "Signal Dispatcher" daemon [_thread_blocked, id=15164, stack(0x0000007f75600000,0x0000007f75700000)]
  0x00000253b45aba20 JavaThread "Attach Listener" daemon [_thread_blocked, id=17840, stack(0x0000007f75700000,0x0000007f75800000)]
  0x00000253b45ac2f0 JavaThread "Service Thread" daemon [_thread_blocked, id=19720, stack(0x0000007f75800000,0x0000007f75900000)]
  0x00000253b45aebd0 JavaThread "Monitor Deflation Thread" daemon [_thread_blocked, id=3964, stack(0x0000007f75900000,0x0000007f75a00000)]
  0x00000253b45b07e0 JavaThread "C2 CompilerThread0" daemon [_thread_in_native, id=17912, stack(0x0000007f75a00000,0x0000007f75b00000)]
  0x00000253b45b10f0 JavaThread "C1 CompilerThread0" daemon [_thread_blocked, id=3064, stack(0x0000007f75b00000,0x0000007f75c00000)]
  0x00000253b45bcf10 JavaThread "Sweeper thread" daemon [_thread_blocked, id=15280, stack(0x0000007f75c00000,0x0000007f75d00000)]
  0x00000253b457b480 JavaThread "Common-Cleaner" daemon [_thread_blocked, id=19920, stack(0x0000007f75d00000,0x0000007f75e00000)]
  0x00000253b4801940 JavaThread "Notification Thread" daemon [_thread_blocked, id=4316, stack(0x0000007f75e00000,0x0000007f75f00000)]
  0x00000253fabb6130 JavaThread "Daemon health stats" [_thread_blocked, id=21240, stack(0x0000007f76100000,0x0000007f76200000)]
  0x00000253fb36dd00 JavaThread "Incoming local TCP Connector on port 60301" [_thread_in_native, id=20868, stack(0x0000007f76600000,0x0000007f76700000)]
  0x00000253fbf2f1a0 JavaThread "Daemon periodic checks" [_thread_blocked, id=1564, stack(0x0000007f76700000,0x0000007f76800000)]
  0x00000253fbbd62d0 JavaThread "Daemon" [_thread_blocked, id=21380, stack(0x0000007f76800000,0x0000007f76900000)]
  0x00000253fbe665e0 JavaThread "Handler for socket connection from /127.0.0.1:60301 to /127.0.0.1:60302" [_thread_in_native, id=10392, stack(0x0000007f76900000,0x0000007f76a00000)]
  0x00000253fb5aa080 JavaThread "Cancel handler" [_thread_blocked, id=7100, stack(0x0000007f76a00000,0x0000007f76b00000)]
  0x00000253fb5aafb0 JavaThread "Daemon worker" [_thread_in_Java, id=8408, stack(0x0000007f76b00000,0x0000007f76c00000)]
  0x00000253fb5ad320 JavaThread "Asynchronous log dispatcher for DefaultDaemonConnection: socket connection from /127.0.0.1:60301 to /127.0.0.1:60302" [_thread_blocked, id=5976, stack(0x0000007f76c00000,0x0000007f76d00000)]
  0x00000253fb5abee0 JavaThread "Stdin handler" [_thread_blocked, id=20716, stack(0x0000007f76d00000,0x0000007f76e00000)]
  0x00000253fb5ad830 JavaThread "Daemon client event forwarder" [_thread_blocked, id=21168, stack(0x0000007f76e00000,0x0000007f76f00000)]
  0x00000253fb5ac3f0 JavaThread "Cache worker for journal cache (C:\Users\owenr\.gradle\caches\journal-1)" [_thread_blocked, id=17816, stack(0x0000007f76f00000,0x0000007f77000000)]
  0x00000253fb5ac900 JavaThread "File lock request listener" [_thread_in_native, id=22772, stack(0x0000007f77000000,0x0000007f77100000)]
  0x00000253fb5ab4c0 JavaThread "Cache worker for file hash cache (C:\Users\owenr\.gradle\caches\8.8\fileHashes)" [_thread_blocked, id=19660, stack(0x0000007f77100000,0x0000007f77200000)]
  0x00000253fb5ace10 JavaThread "Cache worker for file hash cache (C:\Users\owenr\OneDrive\Documents\GitHub\TPAP-1.20.1\.gradle\8.8\fileHashes)" [_thread_blocked, id=8752, stack(0x0000007f77300000,0x0000007f77400000)]
  0x00000253fb5aaaa0 JavaThread "File watcher server" daemon [_thread_in_native, id=13768, stack(0x0000007f77900000,0x0000007f77a00000)]
  0x00000253fb5aa590 JavaThread "File watcher consumer" daemon [_thread_blocked, id=14788, stack(0x0000007f77a00000,0x0000007f77b00000)]
  0x00000253fc330de0 JavaThread "jar transforms" [_thread_blocked, id=18544, stack(0x0000007f77d00000,0x0000007f77e00000)]
  0x00000253fc32ea70 JavaThread "jar transforms Thread 2" [_thread_blocked, id=12336, stack(0x0000007f77e00000,0x0000007f77f00000)]
  0x00000253fc32e560 JavaThread "jar transforms Thread 3" [_thread_blocked, id=20688, stack(0x0000007f77f00000,0x0000007f78000000)]
  0x00000253fc332220 JavaThread "jar transforms Thread 4" [_thread_blocked, id=12140, stack(0x0000007f78000000,0x0000007f78100000)]
  0x00000253fc3312f0 JavaThread "jar transforms Thread 5" [_thread_blocked, id=11244, stack(0x0000007f78100000,0x0000007f78200000)]
  0x00000253fc32f490 JavaThread "jar transforms Thread 6" [_thread_blocked, id=9404, stack(0x0000007f78200000,0x0000007f78300000)]
  0x00000253fc32f9a0 JavaThread "jar transforms Thread 7" [_thread_blocked, id=11852, stack(0x0000007f78300000,0x0000007f78400000)]
  0x00000253fc331d10 JavaThread "jar transforms Thread 8" [_thread_blocked, id=17248, stack(0x0000007f78400000,0x0000007f78500000)]
  0x00000253fc32feb0 JavaThread "jar transforms Thread 9" [_thread_blocked, id=21784, stack(0x0000007f78500000,0x0000007f78600000)]
  0x00000253fc331800 JavaThread "jar transforms Thread 10" [_thread_blocked, id=20248, stack(0x0000007f78600000,0x0000007f78700000)]
  0x00000253fc332730 JavaThread "jar transforms Thread 11" [_thread_blocked, id=19420, stack(0x0000007f78700000,0x0000007f78800000)]
  0x00000253fc32ef80 JavaThread "jar transforms Thread 12" [_thread_blocked, id=23352, stack(0x0000007f78800000,0x0000007f78900000)]
  0x00000253fc332c40 JavaThread "Cache worker for checksums cache (C:\Users\owenr\OneDrive\Documents\GitHub\TPAP-1.20.1\.gradle\8.8\checksums)" [_thread_blocked, id=19080, stack(0x0000007f78900000,0x0000007f78a00000)]
  0x00000253fc333150 JavaThread "Cache worker for file content cache (C:\Users\owenr\.gradle\caches\8.8\fileContent)" [_thread_blocked, id=3128, stack(0x0000007f78a00000,0x0000007f78b00000)]
  0x00000253fc3308d0 JavaThread "Cache worker for cache directory md-rule (C:\Users\owenr\.gradle\caches\8.8\md-rule)" [_thread_blocked, id=19140, stack(0x0000007f78b00000,0x0000007f78c00000)]
  0x00000253fc333b70 JavaThread "Cache worker for cache directory md-supplier (C:\Users\owenr\.gradle\caches\8.8\md-supplier)" [_thread_blocked, id=18676, stack(0x0000007f78c00000,0x0000007f78d00000)]
  0x00000253fc3303c0 JavaThread "Unconstrained build operations" [_thread_blocked, id=21640, stack(0x0000007f78d00000,0x0000007f78e00000)]
  0x00000253fc334080 JavaThread "Unconstrained build operations Thread 2" [_thread_blocked, id=15628, stack(0x0000007f78e00000,0x0000007f78f00000)]
  0x00000253fc334590 JavaThread "Unconstrained build operations Thread 3" [_thread_blocked, id=18920, stack(0x0000007f78f00000,0x0000007f79000000)]
  0x00000253fc3354c0 JavaThread "Unconstrained build operations Thread 4" [_thread_blocked, id=24380, stack(0x0000007f79000000,0x0000007f79100000)]
  0x00000253fc3359d0 JavaThread "Unconstrained build operations Thread 5" [_thread_blocked, id=20172, stack(0x0000007f79100000,0x0000007f79200000)]
  0x00000253fc334aa0 JavaThread "Unconstrained build operations Thread 6" [_thread_blocked, id=4264, stack(0x0000007f79200000,0x0000007f79300000)]
  0x00000253fc335ee0 JavaThread "Unconstrained build operations Thread 7" [_thread_blocked, id=23376, stack(0x0000007f79300000,0x0000007f79400000)]
  0x00000253fc334fb0 JavaThread "Unconstrained build operations Thread 8" [_thread_blocked, id=18936, stack(0x0000007f79400000,0x0000007f79500000)]
  0x00000253fed28810 JavaThread "Unconstrained build operations Thread 9" [_thread_blocked, id=19904, stack(0x0000007f79500000,0x0000007f79600000)]
  0x00000253fed25060 JavaThread "Unconstrained build operations Thread 10" [_thread_blocked, id=23716, stack(0x0000007f79600000,0x0000007f79700000)]
  0x00000253fed25570 JavaThread "Unconstrained build operations Thread 11" [_thread_blocked, id=21192, stack(0x0000007f79700000,0x0000007f79800000)]
  0x00000253fed25f90 JavaThread "Unconstrained build operations Thread 12" [_thread_blocked, id=23272, stack(0x0000007f79800000,0x0000007f79900000)]
  0x00000253fed264a0 JavaThread "Unconstrained build operations Thread 13" [_thread_blocked, id=24348, stack(0x0000007f79900000,0x0000007f79a00000)]
  0x00000253fed27df0 JavaThread "Unconstrained build operations Thread 14" [_thread_blocked, id=21004, stack(0x0000007f79a00000,0x0000007f79b00000)]
  0x00000253fed28d20 JavaThread "Unconstrained build operations Thread 15" [_thread_blocked, id=18020, stack(0x0000007f79b00000,0x0000007f79c00000)]
  0x00000253fed29230 JavaThread "Unconstrained build operations Thread 16" [_thread_blocked, id=19948, stack(0x0000007f79c00000,0x0000007f79d00000)]
  0x00000253fed25a80 JavaThread "Unconstrained build operations Thread 17" [_thread_blocked, id=19612, stack(0x0000007f79d00000,0x0000007f79e00000)]
  0x00000253fed28300 JavaThread "Unconstrained build operations Thread 18" [_thread_blocked, id=22136, stack(0x0000007f79e00000,0x0000007f79f00000)]
  0x00000253fed29740 JavaThread "Unconstrained build operations Thread 19" [_thread_blocked, id=22852, stack(0x0000007f79f00000,0x0000007f7a000000)]
  0x00000253fed29c50 JavaThread "Unconstrained build operations Thread 20" [_thread_blocked, id=20260, stack(0x0000007f7a000000,0x0000007f7a100000)]
  0x00000253fed2a160 JavaThread "Unconstrained build operations Thread 21" [_thread_blocked, id=22000, stack(0x0000007f7a100000,0x0000007f7a200000)]
  0x00000253fed269b0 JavaThread "Unconstrained build operations Thread 22" [_thread_blocked, id=7420, stack(0x0000007f7a200000,0x0000007f7a300000)]
  0x00000253fed2a670 JavaThread "Unconstrained build operations Thread 23" [_thread_blocked, id=22472, stack(0x0000007f7a300000,0x0000007f7a400000)]
  0x00000253fed26ec0 JavaThread "Unconstrained build operations Thread 24" [_thread_blocked, id=20848, stack(0x0000007f7a400000,0x0000007f7a500000)]
  0x00000253fed2ab80 JavaThread "Unconstrained build operations Thread 25" [_thread_blocked, id=21152, stack(0x0000007f7a500000,0x0000007f7a600000)]
  0x00000253fed273d0 JavaThread "Unconstrained build operations Thread 26" [_thread_blocked, id=23192, stack(0x0000007f7a600000,0x0000007f7a700000)]
  0x00000253fed2b090 JavaThread "Unconstrained build operations Thread 27" [_thread_blocked, id=19288, stack(0x0000007f7a700000,0x0000007f7a800000)]
  0x00000253fed278e0 JavaThread "Cache worker for Build Output Cleanup Cache (C:\Users\owenr\OneDrive\Documents\GitHub\TPAP-1.20.1\.gradle\buildOutputCleanup)" [_thread_blocked, id=12604, stack(0x0000007f7a800000,0x0000007f7a900000)]
  0x00000253fed2b5a0 JavaThread "Unconstrained build operations Thread 28" [_thread_blocked, id=12156, stack(0x0000007f77200000,0x0000007f77300000)]
  0x00000253fed2bab0 JavaThread "Unconstrained build operations Thread 29" [_thread_blocked, id=21332, stack(0x0000007f7a900000,0x0000007f7aa00000)]
  0x00000253fed2bfc0 JavaThread "Unconstrained build operations Thread 30" [_thread_blocked, id=13600, stack(0x0000007f7aa00000,0x0000007f7ab00000)]
  0x00000253fed2c4d0 JavaThread "Unconstrained build operations Thread 31" [_thread_blocked, id=11232, stack(0x0000007f7ab00000,0x0000007f7ac00000)]
  0x00000253fed2c9e0 JavaThread "Unconstrained build operations Thread 32" [_thread_blocked, id=16832, stack(0x0000007f7ac00000,0x0000007f7ad00000)]
  0x00000253fefffee0 JavaThread "Unconstrained build operations Thread 33" [_thread_blocked, id=22484, stack(0x0000007f7ad00000,0x0000007f7ae00000)]
  0x00000253ff002760 JavaThread "Unconstrained build operations Thread 34" [_thread_blocked, id=16036, stack(0x0000007f7ae00000,0x0000007f7af00000)]
  0x00000253ff0003f0 JavaThread "Unconstrained build operations Thread 35" [_thread_blocked, id=416, stack(0x0000007f7af00000,0x0000007f7b000000)]
  0x00000253ff001d40 JavaThread "Unconstrained build operations Thread 36" [_thread_blocked, id=9800, stack(0x0000007f7b000000,0x0000007f7b100000)]
  0x00000253ff002250 JavaThread "Unconstrained build operations Thread 37" [_thread_blocked, id=23948, stack(0x0000007f7b100000,0x0000007f7b200000)]
  0x00000253ff000900 JavaThread "Unconstrained build operations Thread 38" [_thread_blocked, id=21904, stack(0x0000007f7b200000,0x0000007f7b300000)]
  0x00000253ff000e10 JavaThread "Unconstrained build operations Thread 39" [_thread_blocked, id=14156, stack(0x0000007f7b300000,0x0000007f7b400000)]
  0x00000253feffefb0 JavaThread "Unconstrained build operations Thread 40" [_thread_blocked, id=18660, stack(0x0000007f7b400000,0x0000007f7b500000)]
  0x00000253ff001320 JavaThread "Unconstrained build operations Thread 41" [_thread_blocked, id=20976, stack(0x0000007f7b500000,0x0000007f7b600000)]
  0x00000253ff002c70 JavaThread "Unconstrained build operations Thread 42" [_thread_blocked, id=1980, stack(0x0000007f7b600000,0x0000007f7b700000)]
  0x00000253ff001830 JavaThread "Unconstrained build operations Thread 43" [_thread_blocked, id=14860, stack(0x0000007f7b700000,0x0000007f7b800000)]
  0x00000253fefff4c0 JavaThread "Unconstrained build operations Thread 44" [_thread_blocked, id=20700, stack(0x0000007f7b800000,0x0000007f7b900000)]
  0x00000253fefff9d0 JavaThread "Unconstrained build operations Thread 45" [_thread_blocked, id=19788, stack(0x0000007f7b900000,0x0000007f7ba00000)]
  0x00000253ff005f10 JavaThread "Unconstrained build operations Thread 46" [_thread_blocked, id=21968, stack(0x0000007f7ba00000,0x0000007f7bb00000)]
  0x00000253ff003180 JavaThread "Unconstrained build operations Thread 47" [_thread_blocked, id=19012, stack(0x0000007f7bb00000,0x0000007f7bc00000)]
  0x00000253ff003690 JavaThread "Unconstrained build operations Thread 48" [_thread_blocked, id=22140, stack(0x0000007f7bc00000,0x0000007f7bd00000)]
  0x00000253ff006420 JavaThread "Unconstrained build operations Thread 49" [_thread_blocked, id=15868, stack(0x0000007f7bd00000,0x0000007f7be00000)]
  0x00000253ff0040b0 JavaThread "Unconstrained build operations Thread 50" [_thread_blocked, id=19764, stack(0x0000007f7be00000,0x0000007f7bf00000)]
  0x00000253ff006930 JavaThread "Unconstrained build operations Thread 51" [_thread_blocked, id=2020, stack(0x0000007f7bf00000,0x0000007f7c000000)]
  0x00000253ff003ba0 JavaThread "Unconstrained build operations Thread 52" [_thread_blocked, id=13920, stack(0x0000007f7c000000,0x0000007f7c100000)]
  0x00000253ff0045c0 JavaThread "Unconstrained build operations Thread 53" [_thread_blocked, id=23392, stack(0x0000007f7c100000,0x0000007f7c200000)]
  0x00000253ff004ad0 JavaThread "Unconstrained build operations Thread 54" [_thread_blocked, id=19728, stack(0x0000007f7c200000,0x0000007f7c300000)]
  0x00000253ff004fe0 JavaThread "Unconstrained build operations Thread 55" [_thread_blocked, id=5956, stack(0x0000007f7c300000,0x0000007f7c400000)]
  0x00000253ff0054f0 JavaThread "Unconstrained build operations Thread 56" [_thread_blocked, id=19416, stack(0x0000007f7c400000,0x0000007f7c500000)]
  0x00000253ff005a00 JavaThread "Unconstrained build operations Thread 57" [_thread_blocked, id=2440, stack(0x0000007f7c500000,0x0000007f7c600000)]
  0x00000253fb3fe4a0 JavaThread "Unconstrained build operations Thread 58" [_thread_blocked, id=21644, stack(0x0000007f7c600000,0x0000007f7c700000)]
  0x00000253fb3fe9b0 JavaThread "Unconstrained build operations Thread 59" [_thread_blocked, id=20060, stack(0x0000007f7c700000,0x0000007f7c800000)]
  0x00000253fb3ff3d0 JavaThread "Unconstrained build operations Thread 60" [_thread_blocked, id=20540, stack(0x0000007f7c800000,0x0000007f7c900000)]
  0x00000253fb3fc130 JavaThread "Keep-Alive-Timer" daemon [_thread_blocked, id=2624, stack(0x0000007f7ca00000,0x0000007f7cb00000)]
  0x00000253fb3fd570 JavaThread "Memory manager" [_thread_blocked, id=21920, stack(0x0000007f7c900000,0x0000007f7ca00000)]
  0x00000253fb3ffdf0 JavaThread "Unconstrained build operations Thread 61" [_thread_blocked, id=20780, stack(0x0000007f7cc00000,0x0000007f7cd00000)]
  0x00000253fb3fc640 JavaThread "Unconstrained build operations Thread 62" [_thread_blocked, id=7524, stack(0x0000007f7cd00000,0x0000007f7ce00000)]
  0x00000253fb3feec0 JavaThread "Unconstrained build operations Thread 63" [_thread_blocked, id=20424, stack(0x0000007f7ce00000,0x0000007f7cf00000)]
  0x00000253fb400300 JavaThread "Unconstrained build operations Thread 64" [_thread_blocked, id=22180, stack(0x0000007f7cf00000,0x0000007f7d000000)]
  0x00000253fb3fda80 JavaThread "Unconstrained build operations Thread 65" [_thread_blocked, id=19468, stack(0x0000007f7d000000,0x0000007f7d100000)]
  0x00000253fb400810 JavaThread "Unconstrained build operations Thread 66" [_thread_blocked, id=24552, stack(0x0000007f7d100000,0x0000007f7d200000)]
  0x00000253fb400d20 JavaThread "Unconstrained build operations Thread 67" [_thread_blocked, id=18468, stack(0x0000007f7d200000,0x0000007f7d300000)]
  0x00000253fb3fdf90 JavaThread "Unconstrained build operations Thread 68" [_thread_blocked, id=22684, stack(0x0000007f7d300000,0x0000007f7d400000)]
  0x00000253fb401230 JavaThread "Unconstrained build operations Thread 69" [_thread_blocked, id=8208, stack(0x0000007f7d400000,0x0000007f7d500000)]
  0x00000253fb403090 JavaThread "Unconstrained build operations Thread 70" [_thread_blocked, id=13484, stack(0x0000007f7d500000,0x0000007f7d600000)]
  0x00000253fb401740 JavaThread "Unconstrained build operations Thread 71" [_thread_blocked, id=24304, stack(0x0000007f7d600000,0x0000007f7d700000)]
  0x00000253fb403ab0 JavaThread "Unconstrained build operations Thread 72" [_thread_blocked, id=23092, stack(0x0000007f7d700000,0x0000007f7d800000)]
  0x00000253fb401c50 JavaThread "Unconstrained build operations Thread 73" [_thread_blocked, id=18344, stack(0x0000007f7d800000,0x0000007f7d900000)]
  0x00000253fb402160 JavaThread "Unconstrained build operations Thread 74" [_thread_blocked, id=21304, stack(0x0000007f7d900000,0x0000007f7da00000)]
  0x00000253fb402670 JavaThread "Unconstrained build operations Thread 75" [_thread_blocked, id=22588, stack(0x0000007f7da00000,0x0000007f7db00000)]
  0x00000253fb4035a0 JavaThread "Unconstrained build operations Thread 76" [_thread_blocked, id=10616, stack(0x0000007f7db00000,0x0000007f7dc00000)]
  0x00000253fb402b80 JavaThread "Unconstrained build operations Thread 77" [_thread_blocked, id=11152, stack(0x0000007f7dc00000,0x0000007f7dd00000)]
  0x00000253fb02d850 JavaThread "Unconstrained build operations Thread 78" [_thread_blocked, id=19680, stack(0x0000007f7dd00000,0x0000007f7de00000)]
  0x00000253fb02f6b0 JavaThread "Unconstrained build operations Thread 79" [_thread_blocked, id=20880, stack(0x0000007f7de00000,0x0000007f7df00000)]
  0x00000253fb0300d0 JavaThread "Unconstrained build operations Thread 80" [_thread_blocked, id=19864, stack(0x0000007f7df00000,0x0000007f7e000000)]
  0x00000253fb0305e0 JavaThread "included builds" [_thread_blocked, id=22792, stack(0x0000007f7e000000,0x0000007f7e100000)]
  0x00000253fb02ec90 JavaThread "Execution worker" [_thread_blocked, id=21708, stack(0x0000007f7e100000,0x0000007f7e200000)]
  0x00000253fb02fbc0 JavaThread "Execution worker Thread 2" [_thread_blocked, id=21044, stack(0x0000007f7e200000,0x0000007f7e300000)]
  0x00000253fb02ce30 JavaThread "Execution worker Thread 3" [_thread_blocked, id=384, stack(0x0000007f7e300000,0x0000007f7e400000)]
  0x00000253fb02f1a0 JavaThread "Execution worker Thread 4" [_thread_blocked, id=15844, stack(0x0000007f7e400000,0x0000007f7e500000)]
  0x00000253fb030af0 JavaThread "Execution worker Thread 5" [_thread_blocked, id=10632, stack(0x0000007f7e500000,0x0000007f7e600000)]
  0x00000253fb02d340 JavaThread "Execution worker Thread 6" [_thread_blocked, id=24120, stack(0x0000007f7e600000,0x0000007f7e700000)]
  0x00000253fb031000 JavaThread "Execution worker Thread 7" [_thread_blocked, id=4020, stack(0x0000007f7e700000,0x0000007f7e800000)]
  0x00000253fb031510 JavaThread "Execution worker Thread 8" [_thread_blocked, id=4904, stack(0x0000007f7e800000,0x0000007f7e900000)]
  0x00000253fb02dd60 JavaThread "Execution worker Thread 9" [_thread_blocked, id=3988, stack(0x0000007f7e900000,0x0000007f7ea00000)]
  0x00000253fb031a20 JavaThread "Execution worker Thread 10" [_thread_blocked, id=22224, stack(0x0000007f7ea00000,0x0000007f7eb00000)]
  0x00000253fb02e270 JavaThread "Execution worker Thread 11" [_thread_blocked, id=18764, stack(0x0000007f7eb00000,0x0000007f7ec00000)]
  0x00000253fb02e780 JavaThread "Cache worker for execution history cache (C:\Users\owenr\OneDrive\Documents\GitHub\TPAP-1.20.1\.gradle\8.8\executionHistory)" [_thread_blocked, id=5220, stack(0x0000007f7ec00000,0x0000007f7ed00000)]
  0x00000253fb031f30 JavaThread "ForkJoinPool.commonPool-worker-1" daemon [_thread_blocked, id=18704, stack(0x0000007f7ed00000,0x0000007f7ee00000)]
  0x00000253fb032e60 JavaThread "ForkJoinPool.commonPool-worker-2" daemon [_thread_blocked, id=20048, stack(0x0000007f7ee00000,0x0000007f7ef00000)]
  0x00000253fb032950 JavaThread "ForkJoinPool.commonPool-worker-3" daemon [_thread_blocked, id=23040, stack(0x0000007f7ef00000,0x0000007f7f000000)]
  0x00000253fb032440 JavaThread "ForkJoinPool.commonPool-worker-4" daemon [_thread_blocked, id=19244, stack(0x0000007f7f000000,0x0000007f7f100000)]
  0x00000253fb033370 JavaThread "ForkJoinPool.commonPool-worker-5" daemon [_thread_blocked, id=5000, stack(0x0000007f7f100000,0x0000007f7f200000)]
  0x00000253fb033880 JavaThread "ForkJoinPool.commonPool-worker-6" daemon [_thread_blocked, id=13316, stack(0x0000007f7f200000,0x0000007f7f300000)]
  0x00000253fb033d90 JavaThread "ForkJoinPool.commonPool-worker-7" daemon [_thread_blocked, id=16128, stack(0x0000007f7f300000,0x0000007f7f400000)]
  0x00000253fb0342a0 JavaThread "ForkJoinPool.commonPool-worker-8" daemon [_thread_blocked, id=1052, stack(0x0000007f7f400000,0x0000007f7f500000)]
  0x00000253fb0347b0 JavaThread "ForkJoinPool.commonPool-worker-9" daemon [_thread_blocked, id=24500, stack(0x0000007f7f500000,0x0000007f7f600000)]
  0x00000253fc6cdbb0 JavaThread "ForkJoinPool.commonPool-worker-10" daemon [_thread_blocked, id=3040, stack(0x0000007f7f600000,0x0000007f7f700000)]
  0x00000253fc6cc260 JavaThread "ForkJoinPool.commonPool-worker-11" daemon [_thread_blocked, id=6536, stack(0x0000007f7f700000,0x0000007f7f800000)]
  0x00000253fc6cc770 JavaThread "Exec process" [_thread_blocked, id=21684, stack(0x0000007f7f800000,0x0000007f7f900000)]
  0x00000253fc6cf500 JavaThread "Exec process Thread 2" [_thread_blocked, id=19328, stack(0x0000007f7f900000,0x0000007f7fa00000)]
  0x00000253fc6ce0c0 JavaThread "Exec process Thread 3" [_thread_blocked, id=2708, stack(0x0000007f7fa00000,0x0000007f7fb00000)]
=>0x00000253fabcaae0 JavaThread "C2 CompilerThread1" daemon [_thread_in_native, id=7848, stack(0x0000007f76000000,0x0000007f76100000)]
  0x00000253fabc7b10 JavaThread "C2 CompilerThread2" daemon [_thread_in_native, id=20084, stack(0x0000007f7cb00000,0x0000007f7cc00000)]

Other Threads:
  0x00000253b458a360 VMThread "VM Thread" [stack: 0x0000007f75300000,0x0000007f75400000] [id=13508]
  0x00000253b4770490 WatcherThread [stack: 0x0000007f75f00000,0x0000007f76000000] [id=5124]
  0x0000025393944040 GCTaskThread "GC Thread#0" [stack: 0x0000007f74e00000,0x0000007f74f00000] [id=23620]
  0x00000253fa12f9e0 GCTaskThread "GC Thread#1" [stack: 0x0000007f76200000,0x0000007f76300000] [id=4588]
  0x00000253faf9a7b0 GCTaskThread "GC Thread#2" [stack: 0x0000007f76300000,0x0000007f76400000] [id=21536]
  0x00000253fb11a9e0 GCTaskThread "GC Thread#3" [stack: 0x0000007f76400000,0x0000007f76500000] [id=10000]
  0x00000253faa76820 GCTaskThread "GC Thread#4" [stack: 0x0000007f76500000,0x0000007f76600000] [id=3728]
  0x00000253faa754e0 GCTaskThread "GC Thread#5" [stack: 0x0000007f77400000,0x0000007f77500000] [id=20312]
  0x00000253faa75a60 GCTaskThread "GC Thread#6" [stack: 0x0000007f77500000,0x0000007f77600000] [id=23940]
  0x00000253faa75d20 GCTaskThread "GC Thread#7" [stack: 0x0000007f77600000,0x0000007f77700000] [id=14172]
  0x00000253faa74ca0 GCTaskThread "GC Thread#8" [stack: 0x0000007f77700000,0x0000007f77800000] [id=9752]
  0x00000253faa757a0 GCTaskThread "GC Thread#9" [stack: 0x0000007f77800000,0x0000007f77900000] [id=15644]
  0x000002539172cfc0 ConcurrentGCThread "G1 Main Marker" [stack: 0x0000007f74f00000,0x0000007f75000000] [id=23492]
  0x000002539172e5b0 ConcurrentGCThread "G1 Conc#0" [stack: 0x0000007f75000000,0x0000007f75100000] [id=18648]
  0x00000253faa75fe0 ConcurrentGCThread "G1 Conc#1" [stack: 0x0000007f77b00000,0x0000007f77c00000] [id=20864]
  0x00000253faa76560 ConcurrentGCThread "G1 Conc#2" [stack: 0x0000007f77c00000,0x0000007f77d00000] [id=19024]
  0x00000253b443b600 ConcurrentGCThread "G1 Refine#0" [stack: 0x0000007f75100000,0x0000007f75200000] [id=16508]
  0x00000253fe6787e0 ConcurrentGCThread "G1 Refine#1" [stack: 0x0000007f7fb00000,0x0000007f7fc00000] [id=10612]
  0x00000253fe677f10 ConcurrentGCThread "G1 Refine#2" [stack: 0x0000007f7fc00000,0x0000007f7fd00000] [id=20616]
  0x00000253fe679f60 ConcurrentGCThread "G1 Refine#3" [stack: 0x0000007f7fd00000,0x0000007f7fe00000] [id=8816]
  0x00000253fe6790b0 ConcurrentGCThread "G1 Refine#4" [stack: 0x0000007f7fe00000,0x0000007f7ff00000] [id=22388]
  0x00000253fe677c20 ConcurrentGCThread "G1 Refine#5" [stack: 0x0000007f7ff00000,0x0000007f80000000] [id=24508]
  0x00000253fe678dc0 ConcurrentGCThread "G1 Refine#6" [stack: 0x0000007f00000000,0x0000007f00100000] [id=14176]
  0x00000253fe679690 ConcurrentGCThread "G1 Refine#7" [stack: 0x0000007f00100000,0x0000007f00200000] [id=16788]
  0x00000253fe677060 ConcurrentGCThread "G1 Refine#8" [stack: 0x0000007f00200000,0x0000007f00300000] [id=15592]
  0x00000253fe679c70 ConcurrentGCThread "G1 Refine#9" [stack: 0x0000007f00300000,0x0000007f00400000] [id=18528]
  0x00000253b443ccf0 ConcurrentGCThread "G1 Service" [stack: 0x0000007f75200000,0x0000007f75300000] [id=1344]

Threads with active compile tasks:
C2 CompilerThread0    12438 9501       4       java.util.TimSort::sort (229 bytes)
C2 CompilerThread1    12439 9576       4       java.util.regex.Pattern::compile (500 bytes)
C2 CompilerThread2    12439 9503       4       org.parchmentmc.feather.io.gson.MDCGsonAdapterFactory$MethodDataAdapter::read (305 bytes)

VM state: not at safepoint (normal execution)

VM Mutex/Monitor currently owned by a thread: None

Heap address: 0x0000000740000000, size: 3072 MB, Compressed Oops mode: Zero based, Oop shift amount: 3

CDS archive(s) mapped at: [0x00000253b5000000-0x00000253b5bd0000-0x00000253b5bd0000), size 12386304, SharedBaseAddress: 0x00000253b5000000, ArchiveRelocationMode: 1.
Compressed class space mapped at: 0x00000253b6000000-0x00000253f6000000, reserved size: 1073741824
Narrow klass base: 0x00000253b5000000, Narrow klass shift: 0, Narrow klass range: 0x100000000

GC Precious Log:
 CPUs: 12 total, 12 available
 Memory: 15711M
 Large Page Support: Disabled
 NUMA Support: Disabled
 Compressed Oops: Enabled (Zero based)
 Heap Region Size: 2M
 Heap Min Capacity: 8M
 Heap Initial Capacity: 246M
 Heap Max Capacity: 3G
 Pre-touch: Disabled
 Parallel Workers: 10
 Concurrent Workers: 3
 Concurrent Refinement Workers: 10
 Periodic GC: Disabled

Heap:
 garbage-first heap   total 483328K, used 305586K [0x0000000740000000, 0x0000000800000000)
  region size 2048K, 17 young (34816K), 8 survivors (16384K)
 Metaspace       used 70115K, committed 70912K, reserved 1114112K
  class space    used 9799K, committed 10176K, reserved 1048576K

Heap Regions: E=young(eden), S=young(survivor), O=old, HS=humongous(starts), HC=humongous(continues), CS=collection set, F=free, OA=open archive, CA=closed archive, TAMS=top-at-mark-start (previous, next)
|   0|0x0000000740000000, 0x0000000740200000, 0x0000000740200000|100%|HS|  |TAMS 0x0000000740200000, 0x0000000740200000| Complete 
|   1|0x0000000740200000, 0x0000000740400000, 0x0000000740400000|100%|HC|  |TAMS 0x0000000740400000, 0x0000000740400000| Complete 
|   2|0x0000000740400000, 0x0000000740600000, 0x0000000740600000|100%| O|  |TAMS 0x0000000740600000, 0x0000000740600000| Untracked 
|   3|0x0000000740600000, 0x0000000740800000, 0x0000000740800000|100%| O|  |TAMS 0x0000000740800000, 0x0000000740800000| Untracked 
|   4|0x0000000740800000, 0x0000000740a00000, 0x0000000740a00000|100%| O|  |TAMS 0x0000000740a00000, 0x0000000740a00000| Untracked 
|   5|0x0000000740a00000, 0x0000000740c00000, 0x0000000740c00000|100%| O|  |TAMS 0x0000000740c00000, 0x0000000740c00000| Untracked 
|   6|0x0000000740c00000, 0x0000000740e00000, 0x0000000740e00000|100%| O|  |TAMS 0x0000000740e00000, 0x0000000740e00000| Untracked 
|   7|0x0000000740e00000, 0x0000000741000000, 0x0000000741000000|100%| O|  |TAMS 0x0000000741000000, 0x0000000741000000| Untracked 
|   8|0x0000000741000000, 0x0000000741200000, 0x0000000741200000|100%| O|  |TAMS 0x0000000741200000, 0x0000000741200000| Untracked 
|   9|0x0000000741200000, 0x0000000741400000, 0x0000000741400000|100%| O|  |TAMS 0x0000000741400000, 0x0000000741400000| Untracked 
|  10|0x0000000741400000, 0x0000000741600000, 0x0000000741600000|100%| O|  |TAMS 0x0000000741600000, 0x0000000741600000| Untracked 
|  11|0x0000000741600000, 0x0000000741691600, 0x0000000741800000| 28%| O|  |TAMS 0x0000000741691600, 0x0000000741691600| Untracked 
|  12|0x0000000741800000, 0x0000000741a00000, 0x0000000741a00000|100%|HS|  |TAMS 0x0000000741a00000, 0x0000000741a00000| Complete 
|  13|0x0000000741a00000, 0x0000000741c00000, 0x0000000741c00000|100%|HS|  |TAMS 0x0000000741c00000, 0x0000000741c00000| Complete 
|  14|0x0000000741c00000, 0x0000000741e00000, 0x0000000741e00000|100%|HC|  |TAMS 0x0000000741e00000, 0x0000000741e00000| Complete 
|  15|0x0000000741e00000, 0x0000000742000000, 0x0000000742000000|100%|HS|  |TAMS 0x0000000742000000, 0x0000000742000000| Complete 
|  16|0x0000000742000000, 0x0000000742200000, 0x0000000742200000|100%|HS|  |TAMS 0x0000000742200000, 0x0000000742200000| Complete 
|  17|0x0000000742200000, 0x0000000742400000, 0x0000000742400000|100%|HC|  |TAMS 0x0000000742400000, 0x0000000742400000| Complete 
|  18|0x0000000742400000, 0x0000000742600000, 0x0000000742600000|100%|HC|  |TAMS 0x0000000742600000, 0x0000000742600000| Complete 
|  19|0x0000000742600000, 0x0000000742800000, 0x0000000742800000|100%|HC|  |TAMS 0x0000000742800000, 0x0000000742800000| Complete 
|  20|0x0000000742800000, 0x0000000742a00000, 0x0000000742a00000|100%|HC|  |TAMS 0x0000000742a00000, 0x0000000742a00000| Complete 
|  21|0x0000000742a00000, 0x0000000742c00000, 0x0000000742c00000|100%|HC|  |TAMS 0x0000000742c00000, 0x0000000742c00000| Complete 
|  22|0x0000000742c00000, 0x0000000742e00000, 0x0000000742e00000|100%|HS|  |TAMS 0x0000000742e00000, 0x0000000742e00000| Complete 
|  23|0x0000000742e00000, 0x0000000743000000, 0x0000000743000000|100%| O|  |TAMS 0x0000000743000000, 0x0000000743000000| Untracked 
|  24|0x0000000743000000, 0x0000000743200000, 0x0000000743200000|100%| O|  |TAMS 0x0000000743200000, 0x0000000743200000| Untracked 
|  25|0x0000000743200000, 0x0000000743400000, 0x0000000743400000|100%|HS|  |TAMS 0x0000000743400000, 0x0000000743400000| Complete 
|  26|0x0000000743400000, 0x0000000743600000, 0x0000000743600000|100%|HC|  |TAMS 0x0000000743600000, 0x0000000743600000| Complete 
|  27|0x0000000743600000, 0x0000000743800000, 0x0000000743800000|100%|HC|  |TAMS 0x0000000743800000, 0x0000000743800000| Complete 
|  28|0x0000000743800000, 0x0000000743a00000, 0x0000000743a00000|100%| O|  |TAMS 0x0000000743a00000, 0x0000000743a00000| Untracked 
|  29|0x0000000743a00000, 0x0000000743c00000, 0x0000000743c00000|100%| O|  |TAMS 0x0000000743c00000, 0x0000000743c00000| Untracked 
|  30|0x0000000743c00000, 0x0000000743e00000, 0x0000000743e00000|100%|HS|  |TAMS 0x0000000743e00000, 0x0000000743e00000| Complete 
|  31|0x0000000743e00000, 0x0000000744000000, 0x0000000744000000|100%|HC|  |TAMS 0x0000000744000000, 0x0000000744000000| Complete 
|  32|0x0000000744000000, 0x0000000744200000, 0x0000000744200000|100%| O|  |TAMS 0x0000000744200000, 0x0000000744200000| Untracked 
|  33|0x0000000744200000, 0x0000000744400000, 0x0000000744400000|100%|HS|  |TAMS 0x0000000744400000, 0x0000000744400000| Complete 
|  34|0x0000000744400000, 0x0000000744600000, 0x0000000744600000|100%| O|  |TAMS 0x0000000744600000, 0x0000000744600000| Untracked 
|  35|0x0000000744600000, 0x0000000744800000, 0x0000000744800000|100%|HS|  |TAMS 0x0000000744800000, 0x0000000744800000| Complete 
|  36|0x0000000744800000, 0x0000000744a00000, 0x0000000744a00000|100%|HC|  |TAMS 0x0000000744a00000, 0x0000000744a00000| Complete 
|  37|0x0000000744a00000, 0x0000000744c00000, 0x0000000744c00000|100%| O|  |TAMS 0x0000000744c00000, 0x0000000744c00000| Untracked 
|  38|0x0000000744c00000, 0x0000000744e00000, 0x0000000744e00000|100%| O|  |TAMS 0x0000000744e00000, 0x0000000744e00000| Untracked 
|  39|0x0000000744e00000, 0x0000000745000000, 0x0000000745000000|100%| O|  |TAMS 0x0000000745000000, 0x0000000745000000| Untracked 
|  40|0x0000000745000000, 0x0000000745200000, 0x0000000745200000|100%| O|  |TAMS 0x0000000745200000, 0x0000000745200000| Untracked 
|  41|0x0000000745200000, 0x0000000745400000, 0x0000000745400000|100%| O|  |TAMS 0x0000000745400000, 0x0000000745400000| Untracked 
|  42|0x0000000745400000, 0x0000000745600000, 0x0000000745600000|100%|HS|  |TAMS 0x0000000745600000, 0x0000000745600000| Complete 
|  43|0x0000000745600000, 0x0000000745800000, 0x0000000745800000|100%| O|  |TAMS 0x0000000745800000, 0x0000000745800000| Untracked 
|  44|0x0000000745800000, 0x0000000745a00000, 0x0000000745a00000|100%| O|  |TAMS 0x0000000745a00000, 0x0000000745a00000| Untracked 
|  45|0x0000000745a00000, 0x0000000745c00000, 0x0000000745c00000|100%| O|  |TAMS 0x0000000745c00000, 0x0000000745c00000| Untracked 
|  46|0x0000000745c00000, 0x0000000745e00000, 0x0000000745e00000|100%| O|  |TAMS 0x0000000745e00000, 0x0000000745e00000| Untracked 
|  47|0x0000000745e00000, 0x0000000746000000, 0x0000000746000000|100%| O|  |TAMS 0x0000000746000000, 0x0000000746000000| Untracked 
|  48|0x0000000746000000, 0x0000000746200000, 0x0000000746200000|100%| O|  |TAMS 0x00000007460dec00, 0x0000000746200000| Untracked 
|  49|0x0000000746200000, 0x0000000746400000, 0x0000000746400000|100%| O|  |TAMS 0x0000000746200000, 0x0000000746400000| Untracked 
|  50|0x0000000746400000, 0x0000000746600000, 0x0000000746600000|100%|HS|  |TAMS 0x0000000746400000, 0x0000000746600000| Complete 
|  51|0x0000000746600000, 0x0000000746800000, 0x0000000746800000|100%| O|  |TAMS 0x0000000746600000, 0x0000000746800000| Untracked 
|  52|0x0000000746800000, 0x0000000746a00000, 0x0000000746a00000|100%| O|  |TAMS 0x0000000746800000, 0x0000000746a00000| Untracked 
|  53|0x0000000746a00000, 0x0000000746c00000, 0x0000000746c00000|100%| O|  |TAMS 0x0000000746a00000, 0x0000000746c00000| Untracked 
|  54|0x0000000746c00000, 0x0000000746e00000, 0x0000000746e00000|100%| O|  |TAMS 0x0000000746c00000, 0x0000000746e00000| Untracked 
|  55|0x0000000746e00000, 0x0000000747000000, 0x0000000747000000|100%| O|  |TAMS 0x0000000746e00000, 0x0000000747000000| Untracked 
|  56|0x0000000747000000, 0x0000000747200000, 0x0000000747200000|100%| O|  |TAMS 0x0000000747000000, 0x0000000747200000| Untracked 
|  57|0x0000000747200000, 0x0000000747400000, 0x0000000747400000|100%| O|  |TAMS 0x0000000747200000, 0x0000000747400000| Untracked 
|  58|0x0000000747400000, 0x0000000747600000, 0x0000000747600000|100%| O|  |TAMS 0x0000000747400000, 0x0000000747600000| Untracked 
|  59|0x0000000747600000, 0x0000000747800000, 0x0000000747800000|100%| O|  |TAMS 0x0000000747600000, 0x0000000747800000| Untracked 
|  60|0x0000000747800000, 0x0000000747a00000, 0x0000000747a00000|100%| O|  |TAMS 0x0000000747800000, 0x0000000747a00000| Untracked 
|  61|0x0000000747a00000, 0x0000000747c00000, 0x0000000747c00000|100%| O|  |TAMS 0x0000000747a00000, 0x0000000747c00000| Untracked 
|  62|0x0000000747c00000, 0x0000000747e00000, 0x0000000747e00000|100%| O|  |TAMS 0x0000000747c00000, 0x0000000747e00000| Untracked 
|  63|0x0000000747e00000, 0x0000000748000000, 0x0000000748000000|100%| O|  |TAMS 0x0000000747e00000, 0x0000000748000000| Untracked 
|  64|0x0000000748000000, 0x0000000748200000, 0x0000000748200000|100%| O|  |TAMS 0x0000000748000000, 0x0000000748200000| Untracked 
|  65|0x0000000748200000, 0x0000000748400000, 0x0000000748400000|100%| O|  |TAMS 0x0000000748200000, 0x0000000748400000| Untracked 
|  66|0x0000000748400000, 0x0000000748600000, 0x0000000748600000|100%| O|  |TAMS 0x0000000748400000, 0x0000000748600000| Untracked 
|  67|0x0000000748600000, 0x0000000748800000, 0x0000000748800000|100%| O|  |TAMS 0x0000000748600000, 0x0000000748800000| Untracked 
|  68|0x0000000748800000, 0x0000000748a00000, 0x0000000748a00000|100%| O|  |TAMS 0x0000000748800000, 0x0000000748a00000| Untracked 
|  69|0x0000000748a00000, 0x0000000748c00000, 0x0000000748c00000|100%| O|  |TAMS 0x0000000748a00000, 0x0000000748c00000| Untracked 
|  70|0x0000000748c00000, 0x0000000748e00000, 0x0000000748e00000|100%| O|  |TAMS 0x0000000748c00000, 0x0000000748e00000| Untracked 
|  71|0x0000000748e00000, 0x0000000749000000, 0x0000000749000000|100%| O|  |TAMS 0x0000000748e00000, 0x0000000749000000| Untracked 
|  72|0x0000000749000000, 0x0000000749200000, 0x0000000749200000|100%| O|  |TAMS 0x0000000749000000, 0x0000000749200000| Untracked 
|  73|0x0000000749200000, 0x0000000749400000, 0x0000000749400000|100%| O|  |TAMS 0x0000000749200000, 0x0000000749400000| Untracked 
|  74|0x0000000749400000, 0x0000000749600000, 0x0000000749600000|100%| O|  |TAMS 0x0000000749400000, 0x0000000749600000| Untracked 
|  75|0x0000000749600000, 0x0000000749800000, 0x0000000749800000|100%| O|  |TAMS 0x0000000749600000, 0x0000000749800000| Untracked 
|  76|0x0000000749800000, 0x0000000749a00000, 0x0000000749a00000|100%| O|  |TAMS 0x0000000749800000, 0x0000000749a00000| Untracked 
|  77|0x0000000749a00000, 0x0000000749c00000, 0x0000000749c00000|100%| O|  |TAMS 0x0000000749a00000, 0x0000000749c00000| Untracked 
|  78|0x0000000749c00000, 0x0000000749e00000, 0x0000000749e00000|100%| O|  |TAMS 0x0000000749c00000, 0x0000000749e00000| Untracked 
|  79|0x0000000749e00000, 0x000000074a000000, 0x000000074a000000|100%| O|  |TAMS 0x0000000749e00000, 0x000000074a000000| Untracked 
|  80|0x000000074a000000, 0x000000074a200000, 0x000000074a200000|100%| O|  |TAMS 0x000000074a000000, 0x000000074a200000| Untracked 
|  81|0x000000074a200000, 0x000000074a400000, 0x000000074a400000|100%| O|  |TAMS 0x000000074a200000, 0x000000074a400000| Untracked 
|  82|0x000000074a400000, 0x000000074a600000, 0x000000074a600000|100%| O|  |TAMS 0x000000074a400000, 0x000000074a600000| Untracked 
|  83|0x000000074a600000, 0x000000074a800000, 0x000000074a800000|100%| O|  |TAMS 0x000000074a600000, 0x000000074a800000| Untracked 
|  84|0x000000074a800000, 0x000000074aa00000, 0x000000074aa00000|100%| O|  |TAMS 0x000000074a800000, 0x000000074aa00000| Untracked 
|  85|0x000000074aa00000, 0x000000074ac00000, 0x000000074ac00000|100%| O|  |TAMS 0x000000074aa00000, 0x000000074ac00000| Untracked 
|  86|0x000000074ac00000, 0x000000074ae00000, 0x000000074ae00000|100%| O|  |TAMS 0x000000074ac00000, 0x000000074ac00000| Untracked 
|  87|0x000000074ae00000, 0x000000074b000000, 0x000000074b000000|100%| O|  |TAMS 0x000000074ae00000, 0x000000074ae00000| Untracked 
|  88|0x000000074b000000, 0x000000074b200000, 0x000000074b200000|100%|HS|  |TAMS 0x000000074b000000, 0x000000074b200000| Complete 
|  89|0x000000074b200000, 0x000000074b400000, 0x000000074b400000|100%|HC|  |TAMS 0x000000074b200000, 0x000000074b400000| Complete 
|  90|0x000000074b400000, 0x000000074b600000, 0x000000074b600000|100%|HS|  |TAMS 0x000000074b400000, 0x000000074b600000| Complete 
|  91|0x000000074b600000, 0x000000074b800000, 0x000000074b800000|100%|HS|  |TAMS 0x000000074b600000, 0x000000074b800000| Complete 
|  92|0x000000074b800000, 0x000000074ba00000, 0x000000074ba00000|100%|HC|  |TAMS 0x000000074b800000, 0x000000074ba00000| Complete 
|  93|0x000000074ba00000, 0x000000074bc00000, 0x000000074bc00000|100%|HC|  |TAMS 0x000000074ba00000, 0x000000074bc00000| Complete 
|  94|0x000000074bc00000, 0x000000074be00000, 0x000000074be00000|100%|HC|  |TAMS 0x000000074bc00000, 0x000000074be00000| Complete 
|  95|0x000000074be00000, 0x000000074c000000, 0x000000074c000000|100%|HC|  |TAMS 0x000000074be00000, 0x000000074c000000| Complete 
|  96|0x000000074c000000, 0x000000074c200000, 0x000000074c200000|100%|HC|  |TAMS 0x000000074c000000, 0x000000074c200000| Complete 
|  97|0x000000074c200000, 0x000000074c400000, 0x000000074c400000|100%|HS|  |TAMS 0x000000074c200000, 0x000000074c400000| Complete 
|  98|0x000000074c400000, 0x000000074c600000, 0x000000074c600000|100%|HS|  |TAMS 0x000000074c400000, 0x000000074c600000| Complete 
|  99|0x000000074c600000, 0x000000074c800000, 0x000000074c800000|100%|HC|  |TAMS 0x000000074c600000, 0x000000074c800000| Complete 
| 100|0x000000074c800000, 0x000000074ca00000, 0x000000074ca00000|100%|HC|  |TAMS 0x000000074c800000, 0x000000074ca00000| Complete 
| 101|0x000000074ca00000, 0x000000074cc00000, 0x000000074cc00000|100%| O|  |TAMS 0x000000074ca00000, 0x000000074ca00000| Untracked 
| 102|0x000000074cc00000, 0x000000074ce00000, 0x000000074ce00000|100%| O|  |TAMS 0x000000074cc00000, 0x000000074cc00000| Untracked 
| 103|0x000000074ce00000, 0x000000074d000000, 0x000000074d000000|100%| O|  |TAMS 0x000000074ce00000, 0x000000074ce00000| Untracked 
| 104|0x000000074d000000, 0x000000074d200000, 0x000000074d200000|100%| O|  |TAMS 0x000000074d000000, 0x000000074d000000| Untracked 
| 105|0x000000074d200000, 0x000000074d400000, 0x000000074d400000|100%| O|  |TAMS 0x000000074d200000, 0x000000074d200000| Untracked 
| 106|0x000000074d400000, 0x000000074d600000, 0x000000074d600000|100%| O|  |TAMS 0x000000074d400000, 0x000000074d400000| Untracked 
| 107|0x000000074d600000, 0x000000074d800000, 0x000000074d800000|100%| O|  |TAMS 0x000000074d600000, 0x000000074d600000| Untracked 
| 108|0x000000074d800000, 0x000000074da00000, 0x000000074da00000|100%| O|  |TAMS 0x000000074d800000, 0x000000074d800000| Untracked 
| 109|0x000000074da00000, 0x000000074dc00000, 0x000000074dc00000|100%| O|  |TAMS 0x000000074da00000, 0x000000074da00000| Untracked 
| 110|0x000000074dc00000, 0x000000074de00000, 0x000000074de00000|100%| O|  |TAMS 0x000000074dc00000, 0x000000074dc00000| Untracked 
| 111|0x000000074de00000, 0x000000074e000000, 0x000000074e000000|100%| O|  |TAMS 0x000000074de00000, 0x000000074de00000| Untracked 
| 112|0x000000074e000000, 0x000000074e200000, 0x000000074e200000|100%| O|  |TAMS 0x000000074e000000, 0x000000074e000000| Untracked 
| 113|0x000000074e200000, 0x000000074e400000, 0x000000074e400000|100%| O|  |TAMS 0x000000074e200000, 0x000000074e200000| Untracked 
| 114|0x000000074e400000, 0x000000074e600000, 0x000000074e600000|100%| O|  |TAMS 0x000000074e400000, 0x000000074e600000| Untracked 
| 115|0x000000074e600000, 0x000000074e800000, 0x000000074e800000|100%| O|  |TAMS 0x000000074e600000, 0x000000074e800000| Untracked 
| 116|0x000000074e800000, 0x000000074ea00000, 0x000000074ea00000|100%| O|  |TAMS 0x000000074e800000, 0x000000074ea00000| Untracked 
| 117|0x000000074ea00000, 0x000000074ec00000, 0x000000074ec00000|100%| O|  |TAMS 0x000000074ea00000, 0x000000074ec00000| Untracked 
| 118|0x000000074ec00000, 0x000000074ee00000, 0x000000074ee00000|100%| O|  |TAMS 0x000000074ec00000, 0x000000074ee00000| Untracked 
| 119|0x000000074ee00000, 0x000000074f000000, 0x000000074f000000|100%| O|  |TAMS 0x000000074ee00000, 0x000000074f000000| Untracked 
| 120|0x000000074f000000, 0x000000074f200000, 0x000000074f200000|100%| O|  |TAMS 0x000000074f000000, 0x000000074f200000| Untracked 
| 121|0x000000074f200000, 0x000000074f400000, 0x000000074f400000|100%| O|  |TAMS 0x000000074f200000, 0x000000074f400000| Untracked 
| 122|0x000000074f400000, 0x000000074f600000, 0x000000074f600000|100%| O|  |TAMS 0x000000074f400000, 0x000000074f600000| Untracked 
| 123|0x000000074f600000, 0x000000074f800000, 0x000000074f800000|100%| O|  |TAMS 0x000000074f600000, 0x000000074f800000| Untracked 
| 124|0x000000074f800000, 0x000000074fa00000, 0x000000074fa00000|100%| O|  |TAMS 0x000000074f800000, 0x000000074fa00000| Untracked 
| 125|0x000000074fa00000, 0x000000074fc00000, 0x000000074fc00000|100%| O|  |TAMS 0x000000074fa00000, 0x000000074fc00000| Untracked 
| 126|0x000000074fc00000, 0x000000074fe00000, 0x000000074fe00000|100%| O|  |TAMS 0x000000074fc00000, 0x000000074fe00000| Untracked 
| 127|0x000000074fe00000, 0x0000000750000000, 0x0000000750000000|100%| O|  |TAMS 0x000000074fe00000, 0x000000074ff88e00| Untracked 
| 128|0x0000000750000000, 0x00000007501db400, 0x0000000750200000| 92%| O|  |TAMS 0x0000000750000000, 0x0000000750000000| Untracked 
| 129|0x0000000750200000, 0x0000000750200000, 0x0000000750400000|  0%| F|  |TAMS 0x0000000750200000, 0x0000000750200000| Untracked 
| 130|0x0000000750400000, 0x0000000750400000, 0x0000000750600000|  0%| F|  |TAMS 0x0000000750400000, 0x0000000750400000| Untracked 
| 131|0x0000000750600000, 0x0000000750600000, 0x0000000750800000|  0%| F|  |TAMS 0x0000000750600000, 0x0000000750600000| Untracked 
| 132|0x0000000750800000, 0x0000000750800000, 0x0000000750a00000|  0%| F|  |TAMS 0x0000000750800000, 0x0000000750800000| Untracked 
| 133|0x0000000750a00000, 0x0000000750a00000, 0x0000000750c00000|  0%| F|  |TAMS 0x0000000750a00000, 0x0000000750a00000| Untracked 
| 134|0x0000000750c00000, 0x0000000750c00000, 0x0000000750e00000|  0%| F|  |TAMS 0x0000000750c00000, 0x0000000750c00000| Untracked 
| 135|0x0000000750e00000, 0x0000000750e00000, 0x0000000751000000|  0%| F|  |TAMS 0x0000000750e00000, 0x0000000750e00000| Untracked 
| 136|0x0000000751000000, 0x0000000751000000, 0x0000000751200000|  0%| F|  |TAMS 0x0000000751000000, 0x0000000751000000| Untracked 
| 137|0x0000000751200000, 0x0000000751200000, 0x0000000751400000|  0%| F|  |TAMS 0x0000000751200000, 0x0000000751200000| Untracked 
| 138|0x0000000751400000, 0x0000000751400000, 0x0000000751600000|  0%| F|  |TAMS 0x0000000751400000, 0x0000000751400000| Untracked 
| 139|0x0000000751600000, 0x0000000751600000, 0x0000000751800000|  0%| F|  |TAMS 0x0000000751600000, 0x0000000751600000| Untracked 
| 140|0x0000000751800000, 0x0000000751800000, 0x0000000751a00000|  0%| F|  |TAMS 0x0000000751800000, 0x0000000751800000| Untracked 
| 141|0x0000000751a00000, 0x0000000751a00000, 0x0000000751c00000|  0%| F|  |TAMS 0x0000000751a00000, 0x0000000751a00000| Untracked 
| 142|0x0000000751c00000, 0x0000000751c00000, 0x0000000751e00000|  0%| F|  |TAMS 0x0000000751c00000, 0x0000000751c00000| Untracked 
| 143|0x0000000751e00000, 0x0000000751e00000, 0x0000000752000000|  0%| F|  |TAMS 0x0000000751e00000, 0x0000000751e00000| Untracked 
| 144|0x0000000752000000, 0x0000000752000000, 0x0000000752200000|  0%| F|  |TAMS 0x0000000752000000, 0x0000000752000000| Untracked 
| 145|0x0000000752200000, 0x0000000752200000, 0x0000000752400000|  0%| F|  |TAMS 0x0000000752200000, 0x0000000752200000| Untracked 
| 146|0x0000000752400000, 0x0000000752400000, 0x0000000752600000|  0%| F|  |TAMS 0x0000000752400000, 0x0000000752400000| Untracked 
| 147|0x0000000752600000, 0x0000000752600000, 0x0000000752800000|  0%| F|  |TAMS 0x0000000752600000, 0x0000000752600000| Untracked 
| 148|0x0000000752800000, 0x0000000752800000, 0x0000000752a00000|  0%| F|  |TAMS 0x0000000752800000, 0x0000000752800000| Untracked 
| 149|0x0000000752a00000, 0x0000000752a00000, 0x0000000752c00000|  0%| F|  |TAMS 0x0000000752a00000, 0x0000000752a00000| Untracked 
| 150|0x0000000752c00000, 0x0000000752c00000, 0x0000000752e00000|  0%| F|  |TAMS 0x0000000752c00000, 0x0000000752c00000| Untracked 
| 151|0x0000000752e00000, 0x0000000752e00000, 0x0000000753000000|  0%| F|  |TAMS 0x0000000752e00000, 0x0000000752e00000| Untracked 
| 152|0x0000000753000000, 0x0000000753000000, 0x0000000753200000|  0%| F|  |TAMS 0x0000000753000000, 0x0000000753000000| Untracked 
| 153|0x0000000753200000, 0x0000000753200000, 0x0000000753400000|  0%| F|  |TAMS 0x0000000753200000, 0x0000000753200000| Untracked 
| 154|0x0000000753400000, 0x0000000753400000, 0x0000000753600000|  0%| F|  |TAMS 0x0000000753400000, 0x0000000753400000| Untracked 
| 155|0x0000000753600000, 0x0000000753600000, 0x0000000753800000|  0%| F|  |TAMS 0x0000000753600000, 0x0000000753600000| Untracked 
| 156|0x0000000753800000, 0x0000000753800000, 0x0000000753a00000|  0%| F|  |TAMS 0x0000000753800000, 0x0000000753800000| Untracked 
| 157|0x0000000753a00000, 0x0000000753a00000, 0x0000000753c00000|  0%| F|  |TAMS 0x0000000753a00000, 0x0000000753a00000| Untracked 
| 158|0x0000000753c00000, 0x0000000753c00000, 0x0000000753e00000|  0%| F|  |TAMS 0x0000000753c00000, 0x0000000753c00000| Untracked 
| 159|0x0000000753e00000, 0x0000000753e00000, 0x0000000754000000|  0%| F|  |TAMS 0x0000000753e00000, 0x0000000753e00000| Untracked 
| 160|0x0000000754000000, 0x0000000754000000, 0x0000000754200000|  0%| F|  |TAMS 0x0000000754000000, 0x0000000754000000| Untracked 
| 161|0x0000000754200000, 0x0000000754200000, 0x0000000754400000|  0%| F|  |TAMS 0x0000000754200000, 0x0000000754200000| Untracked 
| 162|0x0000000754400000, 0x0000000754400000, 0x0000000754600000|  0%| F|  |TAMS 0x0000000754400000, 0x0000000754400000| Untracked 
| 163|0x0000000754600000, 0x0000000754600000, 0x0000000754800000|  0%| F|  |TAMS 0x0000000754600000, 0x0000000754600000| Untracked 
| 164|0x0000000754800000, 0x0000000754800000, 0x0000000754a00000|  0%| F|  |TAMS 0x0000000754800000, 0x0000000754800000| Untracked 
| 165|0x0000000754a00000, 0x0000000754a00000, 0x0000000754c00000|  0%| F|  |TAMS 0x0000000754a00000, 0x0000000754a00000| Untracked 
| 166|0x0000000754c00000, 0x0000000754c00000, 0x0000000754e00000|  0%| F|  |TAMS 0x0000000754c00000, 0x0000000754c00000| Untracked 
| 167|0x0000000754e00000, 0x0000000754e00000, 0x0000000755000000|  0%| F|  |TAMS 0x0000000754e00000, 0x0000000754e00000| Untracked 
| 168|0x0000000755000000, 0x0000000755000000, 0x0000000755200000|  0%| F|  |TAMS 0x0000000755000000, 0x0000000755000000| Untracked 
| 169|0x0000000755200000, 0x0000000755200000, 0x0000000755400000|  0%| F|  |TAMS 0x0000000755200000, 0x0000000755200000| Untracked 
| 170|0x0000000755400000, 0x0000000755400000, 0x0000000755600000|  0%| F|  |TAMS 0x0000000755400000, 0x0000000755400000| Untracked 
| 171|0x0000000755600000, 0x0000000755600000, 0x0000000755800000|  0%| F|  |TAMS 0x0000000755600000, 0x0000000755600000| Untracked 
| 172|0x0000000755800000, 0x0000000755800000, 0x0000000755a00000|  0%| F|  |TAMS 0x0000000755800000, 0x0000000755800000| Untracked 
| 173|0x0000000755a00000, 0x0000000755c00000, 0x0000000755c00000|100%| S|CS|TAMS 0x0000000755a00000, 0x0000000755a00000| Complete 
| 174|0x0000000755c00000, 0x0000000755e00000, 0x0000000755e00000|100%| S|CS|TAMS 0x0000000755c00000, 0x0000000755c00000| Complete 
| 175|0x0000000755e00000, 0x0000000756000000, 0x0000000756000000|100%| S|CS|TAMS 0x0000000755e00000, 0x0000000755e00000| Complete 
| 176|0x0000000756000000, 0x0000000756200000, 0x0000000756200000|100%| S|CS|TAMS 0x0000000756000000, 0x0000000756000000| Complete 
| 177|0x0000000756200000, 0x0000000756400000, 0x0000000756400000|100%| S|CS|TAMS 0x0000000756200000, 0x0000000756200000| Complete 
| 178|0x0000000756400000, 0x0000000756600000, 0x0000000756600000|100%| S|CS|TAMS 0x0000000756400000, 0x0000000756400000| Complete 
| 179|0x0000000756600000, 0x0000000756800000, 0x0000000756800000|100%| S|CS|TAMS 0x0000000756600000, 0x0000000756600000| Complete 
| 180|0x0000000756800000, 0x0000000756a00000, 0x0000000756a00000|100%| S|CS|TAMS 0x0000000756800000, 0x0000000756800000| Complete 
| 181|0x0000000756a00000, 0x0000000756a00000, 0x0000000756c00000|  0%| F|  |TAMS 0x0000000756a00000, 0x0000000756a00000| Untracked 
| 182|0x0000000756c00000, 0x0000000756c00000, 0x0000000756e00000|  0%| F|  |TAMS 0x0000000756c00000, 0x0000000756c00000| Untracked 
| 183|0x0000000756e00000, 0x0000000756e00000, 0x0000000757000000|  0%| F|  |TAMS 0x0000000756e00000, 0x0000000756e00000| Untracked 
| 184|0x0000000757000000, 0x0000000757000000, 0x0000000757200000|  0%| F|  |TAMS 0x0000000757000000, 0x0000000757000000| Untracked 
| 185|0x0000000757200000, 0x0000000757200000, 0x0000000757400000|  0%| F|  |TAMS 0x0000000757200000, 0x0000000757200000| Untracked 
| 186|0x0000000757400000, 0x0000000757400000, 0x0000000757600000|  0%| F|  |TAMS 0x0000000757400000, 0x0000000757400000| Untracked 
| 187|0x0000000757600000, 0x0000000757600000, 0x0000000757800000|  0%| F|  |TAMS 0x0000000757600000, 0x0000000757600000| Untracked 
| 188|0x0000000757800000, 0x0000000757800000, 0x0000000757a00000|  0%| F|  |TAMS 0x0000000757800000, 0x0000000757800000| Untracked 
| 189|0x0000000757a00000, 0x0000000757a00000, 0x0000000757c00000|  0%| F|  |TAMS 0x0000000757a00000, 0x0000000757a00000| Untracked 
| 190|0x0000000757c00000, 0x0000000757c00000, 0x0000000757e00000|  0%| F|  |TAMS 0x0000000757c00000, 0x0000000757c00000| Untracked 
| 191|0x0000000757e00000, 0x0000000757e00000, 0x0000000758000000|  0%| F|  |TAMS 0x0000000757e00000, 0x0000000757e00000| Untracked 
| 192|0x0000000758000000, 0x0000000758000000, 0x0000000758200000|  0%| F|  |TAMS 0x0000000758000000, 0x0000000758000000| Untracked 
| 193|0x0000000758200000, 0x0000000758200000, 0x0000000758400000|  0%| F|  |TAMS 0x0000000758200000, 0x0000000758200000| Untracked 
| 194|0x0000000758400000, 0x0000000758400000, 0x0000000758600000|  0%| F|  |TAMS 0x0000000758400000, 0x0000000758400000| Untracked 
| 195|0x0000000758600000, 0x0000000758600000, 0x0000000758800000|  0%| F|  |TAMS 0x0000000758600000, 0x0000000758600000| Untracked 
| 196|0x0000000758800000, 0x0000000758800000, 0x0000000758a00000|  0%| F|  |TAMS 0x0000000758800000, 0x0000000758800000| Untracked 
| 197|0x0000000758a00000, 0x0000000758a00000, 0x0000000758c00000|  0%| F|  |TAMS 0x0000000758a00000, 0x0000000758a00000| Untracked 
| 198|0x0000000758c00000, 0x0000000758c00000, 0x0000000758e00000|  0%| F|  |TAMS 0x0000000758c00000, 0x0000000758c00000| Untracked 
| 199|0x0000000758e00000, 0x0000000758e00000, 0x0000000759000000|  0%| F|  |TAMS 0x0000000758e00000, 0x0000000758e00000| Untracked 
| 200|0x0000000759000000, 0x0000000759000000, 0x0000000759200000|  0%| F|  |TAMS 0x0000000759000000, 0x0000000759000000| Untracked 
| 201|0x0000000759200000, 0x0000000759200000, 0x0000000759400000|  0%| F|  |TAMS 0x0000000759200000, 0x0000000759200000| Untracked 
| 202|0x0000000759400000, 0x0000000759400000, 0x0000000759600000|  0%| F|  |TAMS 0x0000000759400000, 0x0000000759400000| Untracked 
| 203|0x0000000759600000, 0x0000000759600000, 0x0000000759800000|  0%| F|  |TAMS 0x0000000759600000, 0x0000000759600000| Untracked 
| 204|0x0000000759800000, 0x0000000759800000, 0x0000000759a00000|  0%| F|  |TAMS 0x0000000759800000, 0x0000000759800000| Untracked 
| 205|0x0000000759a00000, 0x0000000759a00000, 0x0000000759c00000|  0%| F|  |TAMS 0x0000000759a00000, 0x0000000759a00000| Untracked 
| 206|0x0000000759c00000, 0x0000000759c00000, 0x0000000759e00000|  0%| F|  |TAMS 0x0000000759c00000, 0x0000000759c00000| Untracked 
| 207|0x0000000759e00000, 0x0000000759e00000, 0x000000075a000000|  0%| F|  |TAMS 0x0000000759e00000, 0x0000000759e00000| Untracked 
| 208|0x000000075a000000, 0x000000075a000000, 0x000000075a200000|  0%| F|  |TAMS 0x000000075a000000, 0x000000075a000000| Untracked 
| 209|0x000000075a200000, 0x000000075a200000, 0x000000075a400000|  0%| F|  |TAMS 0x000000075a200000, 0x000000075a200000| Untracked 
| 210|0x000000075a400000, 0x000000075a400000, 0x000000075a600000|  0%| F|  |TAMS 0x000000075a400000, 0x000000075a400000| Untracked 
| 211|0x000000075a600000, 0x000000075a600000, 0x000000075a800000|  0%| F|  |TAMS 0x000000075a600000, 0x000000075a600000| Untracked 
| 212|0x000000075a800000, 0x000000075a800000, 0x000000075aa00000|  0%| F|  |TAMS 0x000000075a800000, 0x000000075a800000| Untracked 
| 213|0x000000075aa00000, 0x000000075aa00000, 0x000000075ac00000|  0%| F|  |TAMS 0x000000075aa00000, 0x000000075aa00000| Untracked 
| 214|0x000000075ac00000, 0x000000075ac00000, 0x000000075ae00000|  0%| F|  |TAMS 0x000000075ac00000, 0x000000075ac00000| Untracked 
| 215|0x000000075ae00000, 0x000000075ae00000, 0x000000075b000000|  0%| F|  |TAMS 0x000000075ae00000, 0x000000075ae00000| Untracked 
| 216|0x000000075b000000, 0x000000075b000000, 0x000000075b200000|  0%| F|  |TAMS 0x000000075b000000, 0x000000075b000000| Untracked 
| 217|0x000000075b200000, 0x000000075b200000, 0x000000075b400000|  0%| F|  |TAMS 0x000000075b200000, 0x000000075b200000| Untracked 
| 218|0x000000075b400000, 0x000000075b400000, 0x000000075b600000|  0%| F|  |TAMS 0x000000075b400000, 0x000000075b400000| Untracked 
| 219|0x000000075b600000, 0x000000075b700800, 0x000000075b800000| 50%| E|  |TAMS 0x000000075b600000, 0x000000075b600000| Complete 
| 220|0x000000075b800000, 0x000000075ba00000, 0x000000075ba00000|100%| E|CS|TAMS 0x000000075b800000, 0x000000075b800000| Complete 
| 221|0x000000075ba00000, 0x000000075bc00000, 0x000000075bc00000|100%| E|CS|TAMS 0x000000075ba00000, 0x000000075ba00000| Complete 
| 222|0x000000075bc00000, 0x000000075be00000, 0x000000075be00000|100%| E|CS|TAMS 0x000000075bc00000, 0x000000075bc00000| Complete 
| 223|0x000000075be00000, 0x000000075c000000, 0x000000075c000000|100%| E|CS|TAMS 0x000000075be00000, 0x000000075be00000| Complete 
| 224|0x000000075c000000, 0x000000075c200000, 0x000000075c200000|100%| E|CS|TAMS 0x000000075c000000, 0x000000075c000000| Complete 
| 225|0x000000075c200000, 0x000000075c400000, 0x000000075c400000|100%| E|CS|TAMS 0x000000075c200000, 0x000000075c200000| Complete 
| 226|0x000000075c400000, 0x000000075c600000, 0x000000075c600000|100%| E|CS|TAMS 0x000000075c400000, 0x000000075c400000| Complete 
| 227|0x000000075c600000, 0x000000075c800000, 0x000000075c800000|100%| E|CS|TAMS 0x000000075c600000, 0x000000075c600000| Complete 
| 228|0x000000075c800000, 0x000000075ca00000, 0x000000075ca00000|100%| E|CS|TAMS 0x000000075c800000, 0x000000075c800000| Complete 
| 229|0x000000075ca00000, 0x000000075cc00000, 0x000000075cc00000|100%| E|CS|TAMS 0x000000075ca00000, 0x000000075ca00000| Complete 
| 230|0x000000075cc00000, 0x000000075ce00000, 0x000000075ce00000|100%| E|CS|TAMS 0x000000075cc00000, 0x000000075cc00000| Complete 
|1531|0x00000007ff600000, 0x00000007ff800000, 0x00000007ff800000|100%| O|  |TAMS 0x00000007ff600000, 0x00000007ff800000| Untracked 
|1532|0x00000007ff800000, 0x00000007ffa00000, 0x00000007ffa00000|100%| O|  |TAMS 0x00000007ff800000, 0x00000007ffa00000| Untracked 
|1533|0x00000007ffa00000, 0x00000007ffc00000, 0x00000007ffc00000|100%| O|  |TAMS 0x00000007ffa00000, 0x00000007ffc00000| Untracked 
|1534|0x00000007ffc00000, 0x00000007ffe00000, 0x00000007ffe00000|100%| O|  |TAMS 0x00000007ffc00000, 0x00000007ffe00000| Untracked 
|1535|0x00000007ffe00000, 0x0000000800000000, 0x0000000800000000|100%| O|  |TAMS 0x00000007ffe00000, 0x0000000800000000| Untracked 

Card table byte_map: [0x00000253aace0000,0x00000253ab2e0000] _byte_map_base: 0x00000253a72e0000

Marking Bits (Prev, Next): (CMBitMap*) 0x0000025393944570, (CMBitMap*) 0x00000253939445b0
 Prev Bits: [0x00000253ab8e0000, 0x00000253ae8e0000)
 Next Bits: [0x00000253ae8e0000, 0x00000253b18e0000)

Polling page: 0x00000253917c0000

Metaspace:

Usage:
  Non-class:     58.90 MB used.
      Class:      9.57 MB used.
       Both:     68.47 MB used.

Virtual space:
  Non-class space:       64.00 MB reserved,      59.31 MB ( 93%) committed,  1 nodes.
      Class space:        1.00 GB reserved,       9.94 MB ( <1%) committed,  1 nodes.
             Both:        1.06 GB reserved,      69.25 MB (  6%) committed. 

Chunk freelists:
   Non-Class:  3.81 MB
       Class:  5.95 MB
        Both:  9.77 MB

MaxMetaspaceSize: unlimited
CompressedClassSpaceSize: 1.00 GB
Initial GC threshold: 21.00 MB
Current GC threshold: 104.19 MB
CDS: on
MetaspaceReclaimPolicy: balanced
 - commit_granule_bytes: 65536.
 - commit_granule_words: 8192.
 - virtual_space_node_default_size: 8388608.
 - enlarge_chunks_in_place: 1.
 - new_chunks_are_fully_committed: 0.
 - uncommit_free_chunks: 1.
 - use_allocation_guard: 0.
 - handle_deallocations: 1.


Internal statistics:

num_allocs_failed_limit: 3.
num_arena_births: 914.
num_arena_deaths: 0.
num_vsnodes_births: 2.
num_vsnodes_deaths: 0.
num_space_committed: 1108.
num_space_uncommitted: 0.
num_chunks_returned_to_freelist: 3.
num_chunks_taken_from_freelist: 3752.
num_chunk_merges: 3.
num_chunk_splits: 2340.
num_chunks_enlarged: 1425.
num_inconsistent_stats: 0.

CodeHeap 'non-profiled nmethods': size=120000Kb used=5221Kb max_used=5221Kb free=114778Kb
 bounds [0x00000253a2c40000, 0x00000253a3160000, 0x00000253aa170000]
CodeHeap 'profiled nmethods': size=120000Kb used=15403Kb max_used=16194Kb free=104596Kb
 bounds [0x000002539b170000, 0x000002539c150000, 0x00000253a26a0000]
CodeHeap 'non-nmethods': size=5760Kb used=2385Kb max_used=2457Kb free=3375Kb
 bounds [0x00000253a26a0000, 0x00000253a2920000, 0x00000253a2c40000]
 total_blobs=8930 nmethods=8020 adapters=822
 compilation: enabled
              stopped_count=0, restarted_count=0
 full_count=0

Compilation events (20 events):
Event: 12.253 Thread 0x00000253fabcaae0 nmethod 9568 0x00000253a2d09390 code [0x00000253a2d09520, 0x00000253a2d09ab8]
Event: 12.253 Thread 0x00000253fabcaae0 9509   !   4       com.google.gson.Gson::getAdapter (258 bytes)
Event: 12.254 Thread 0x00000253b45b07e0 nmethod 9521 0x00000253a3153490 code [0x00000253a31537c0, 0x00000253a31571e0]
Event: 12.254 Thread 0x00000253b45b07e0 9574       4       java.util.regex.Pattern::atom (422 bytes)
Event: 12.258 Thread 0x00000253fabcaae0 nmethod 9509 0x00000253a30d8310 code [0x00000253a30d84c0, 0x00000253a30d8878]
Event: 12.258 Thread 0x00000253fabcaae0 9575       4       java.util.regex.Pattern::newSlice (181 bytes)
Event: 12.268 Thread 0x00000253b45b10f0 9579 %     3       net.minecraftforge.srgutils.InternalUtils::loadProguard @ 27 (598 bytes)
Event: 12.272 Thread 0x00000253fabcaae0 nmethod 9575 0x00000253a2eb1b10 code [0x00000253a2eb1ce0, 0x00000253a2eb2738]
Event: 12.272 Thread 0x00000253fabcaae0 9576       4       java.util.regex.Pattern::compile (500 bytes)
Event: 12.273 Thread 0x00000253b45b10f0 nmethod 9579% 0x000002539b953610 code [0x000002539b953fc0, 0x000002539b959a68]
Event: 12.274 Thread 0x00000253b45b10f0 9580 %     3       net.minecraftforge.srgutils.InternalUtils::loadProguard @ 384 (598 bytes)
Event: 12.281 Thread 0x00000253b45b10f0 nmethod 9580% 0x000002539b9bea10 code [0x000002539b9bf3c0, 0x000002539b9c5048]
Event: 12.315 Thread 0x00000253b45b10f0 9581       3       net.minecraftforge.srgutils.InternalUtils::loadProguard (598 bytes)
Event: 12.316 Thread 0x00000253b45b07e0 nmethod 9574 0x00000253a2e59710 code [0x00000253a2e599e0, 0x00000253a2e5b810]
Event: 12.316 Thread 0x00000253b45b07e0 9577   !   4       java.util.regex.Pattern::RemoveQEQuoting (370 bytes)
Event: 12.320 Thread 0x00000253b45b10f0 nmethod 9581 0x000002539c140b10 code [0x000002539c1414a0, 0x000002539c146e08]
Event: 12.332 Thread 0x00000253b45b07e0 nmethod 9577 0x00000253a2ddf110 code [0x00000253a2ddf2e0, 0x00000253a2de0258]
Event: 12.332 Thread 0x00000253b45b07e0 9523       4       java.util.Arrays::fill (28 bytes)
Event: 12.335 Thread 0x00000253b45b07e0 nmethod 9523 0x00000253a2db9b10 code [0x00000253a2db9ca0, 0x00000253a2db9f18]
Event: 12.335 Thread 0x00000253b45b07e0 9501       4       java.util.TimSort::sort (229 bytes)

GC Heap History (20 events):
Event: 9.086 GC heap before
{Heap before GC invocations=36 (full 0):
 garbage-first heap   total 172032K, used 129862K [0x0000000740000000, 0x0000000800000000)
  region size 2048K, 18 young (36864K), 2 survivors (4096K)
 Metaspace       used 63027K, committed 63808K, reserved 1114112K
  class space    used 8820K, committed 9152K, reserved 1048576K
}
Event: 9.089 GC heap after
{Heap after GC invocations=37 (full 0):
 garbage-first heap   total 172032K, used 103090K [0x0000000740000000, 0x0000000800000000)
  region size 2048K, 3 young (6144K), 3 survivors (6144K)
 Metaspace       used 63027K, committed 63808K, reserved 1114112K
  class space    used 8820K, committed 9152K, reserved 1048576K
}
Event: 9.166 GC heap before
{Heap before GC invocations=38 (full 0):
 garbage-first heap   total 188416K, used 109234K [0x0000000740000000, 0x0000000800000000)
  region size 2048K, 5 young (10240K), 3 survivors (6144K)
 Metaspace       used 63318K, committed 64000K, reserved 1114112K
  class space    used 8858K, committed 9152K, reserved 1048576K
}
Event: 9.169 GC heap after
{Heap after GC invocations=39 (full 0):
 garbage-first heap   total 188416K, used 103386K [0x0000000740000000, 0x0000000800000000)
  region size 2048K, 2 young (4096K), 2 survivors (4096K)
 Metaspace       used 63318K, committed 64000K, reserved 1114112K
  class space    used 8858K, committed 9152K, reserved 1048576K
}
Event: 9.227 GC heap before
{Heap before GC invocations=40 (full 0):
 garbage-first heap   total 192512K, used 109530K [0x0000000740000000, 0x0000000800000000)
  region size 2048K, 3 young (6144K), 2 survivors (4096K)
 Metaspace       used 63322K, committed 64000K, reserved 1114112K
  class space    used 8858K, committed 9152K, reserved 1048576K
}
Event: 9.229 GC heap after
{Heap after GC invocations=41 (full 0):
 garbage-first heap   total 231424K, used 103216K [0x0000000740000000, 0x0000000800000000)
  region size 2048K, 2 young (4096K), 2 survivors (4096K)
 Metaspace       used 63322K, committed 64000K, reserved 1114112K
  class space    used 8858K, committed 9152K, reserved 1048576K
}
Event: 9.253 GC heap before
{Heap before GC invocations=41 (full 0):
 garbage-first heap   total 231424K, used 105264K [0x0000000740000000, 0x0000000800000000)
  region size 2048K, 3 young (6144K), 2 survivors (4096K)
 Metaspace       used 63341K, committed 64064K, reserved 1114112K
  class space    used 8860K, committed 9216K, reserved 1048576K
}
Event: 9.255 GC heap after
{Heap after GC invocations=42 (full 0):
 garbage-first heap   total 231424K, used 103111K [0x0000000740000000, 0x0000000800000000)
  region size 2048K, 2 young (4096K), 2 survivors (4096K)
 Metaspace       used 63341K, committed 64064K, reserved 1114112K
  class space    used 8860K, committed 9216K, reserved 1048576K
}
Event: 9.332 GC heap before
{Heap before GC invocations=42 (full 0):
 garbage-first heap   total 231424K, used 109255K [0x0000000740000000, 0x0000000800000000)
  region size 2048K, 5 young (10240K), 2 survivors (4096K)
 Metaspace       used 63511K, committed 64256K, reserved 1114112K
  class space    used 8882K, committed 9216K, reserved 1048576K
}
Event: 9.334 GC heap after
{Heap after GC invocations=43 (full 0):
 garbage-first heap   total 231424K, used 103518K [0x0000000740000000, 0x0000000800000000)
  region size 2048K, 2 young (4096K), 2 survivors (4096K)
 Metaspace       used 63511K, committed 64256K, reserved 1114112K
  class space    used 8882K, committed 9216K, reserved 1048576K
}
Event: 9.342 GC heap before
{Heap before GC invocations=43 (full 0):
 garbage-first heap   total 231424K, used 105566K [0x0000000740000000, 0x0000000800000000)
  region size 2048K, 3 young (6144K), 2 survivors (4096K)
 Metaspace       used 63522K, committed 64256K, reserved 1114112K
  class space    used 8883K, committed 9216K, reserved 1048576K
}
Event: 9.344 GC heap after
{Heap after GC invocations=44 (full 0):
 garbage-first heap   total 231424K, used 103514K [0x0000000740000000, 0x0000000800000000)
  region size 2048K, 2 young (4096K), 2 survivors (4096K)
 Metaspace       used 63522K, committed 64256K, reserved 1114112K
  class space    used 8883K, committed 9216K, reserved 1048576K
}
Event: 9.500 GC heap before
{Heap before GC invocations=44 (full 0):
 garbage-first heap   total 231424K, used 113754K [0x0000000740000000, 0x0000000800000000)
  region size 2048K, 7 young (14336K), 2 survivors (4096K)
 Metaspace       used 64811K, committed 65536K, reserved 1114112K
  class space    used 9013K, committed 9344K, reserved 1048576K
}
Event: 9.503 GC heap after
{Heap after GC invocations=45 (full 0):
 garbage-first heap   total 473088K, used 103873K [0x0000000740000000, 0x0000000800000000)
  region size 2048K, 2 young (4096K), 2 survivors (4096K)
 Metaspace       used 64811K, committed 65536K, reserved 1114112K
  class space    used 9013K, committed 9344K, reserved 1048576K
}
Event: 11.333 GC heap before
{Heap before GC invocations=45 (full 0):
 garbage-first heap   total 473088K, used 327105K [0x0000000740000000, 0x0000000800000000)
  region size 2048K, 61 young (124928K), 2 survivors (4096K)
 Metaspace       used 69471K, committed 70272K, reserved 1114112K
  class space    used 9720K, committed 10112K, reserved 1048576K
}
Event: 11.340 GC heap after
{Heap after GC invocations=46 (full 0):
 garbage-first heap   total 473088K, used 144917K [0x0000000740000000, 0x0000000800000000)
  region size 2048K, 8 young (16384K), 8 survivors (16384K)
 Metaspace       used 69471K, committed 70272K, reserved 1114112K
  class space    used 9720K, committed 10112K, reserved 1048576K
}
Event: 11.938 GC heap before
{Heap before GC invocations=46 (full 0):
 garbage-first heap   total 473088K, used 394773K [0x0000000740000000, 0x0000000800000000)
  region size 2048K, 117 young (239616K), 8 survivors (16384K)
 Metaspace       used 70070K, committed 70912K, reserved 1114112K
  class space    used 9792K, committed 10176K, reserved 1048576K
}
Event: 11.974 GC heap after
{Heap after GC invocations=47 (full 0):
 garbage-first heap   total 483328K, used 213537K [0x0000000740000000, 0x0000000800000000)
  region size 2048K, 15 young (30720K), 15 survivors (30720K)
 Metaspace       used 70070K, committed 70912K, reserved 1114112K
  class space    used 9792K, committed 10176K, reserved 1048576K
}
Event: 12.283 GC heap before
{Heap before GC invocations=47 (full 0):
 garbage-first heap   total 483328K, used 350753K [0x0000000740000000, 0x0000000800000000)
  region size 2048K, 82 young (167936K), 15 survivors (30720K)
 Metaspace       used 70092K, committed 70912K, reserved 1114112K
  class space    used 9796K, committed 10176K, reserved 1048576K
}
Event: 12.311 GC heap after
{Heap after GC invocations=48 (full 0):
 garbage-first heap   total 483328K, used 262249K [0x0000000740000000, 0x0000000800000000)
  region size 2048K, 11 young (22528K), 11 survivors (22528K)
 Metaspace       used 70092K, committed 70912K, reserved 1114112K
  class space    used 9796K, committed 10176K, reserved 1048576K
}

Deoptimization events (20 events):
Event: 12.205 Thread 0x00000253fb5aafb0 Uncommon trap: trap_request=0xffffffbe fr.pc=0x00000253a2d0a1a0 relative=0x00000000000002e0
Event: 12.205 Thread 0x00000253fb5aafb0 Uncommon trap: reason=profile_predicate action=maybe_recompile pc=0x00000253a2d0a1a0 method=java.util.regex.Pattern$BnM.optimize(Ljava/util/regex/Pattern$Node;)Ljava/util/regex/Pattern$Node; @ 67 c2
Event: 12.205 Thread 0x00000253fb5aafb0 DEOPT PACKING pc=0x00000253a2d0a1a0 sp=0x0000007f76bf6d80
Event: 12.205 Thread 0x00000253fb5aafb0 DEOPT UNPACKING pc=0x00000253a26f23a3 sp=0x0000007f76bf6d28 mode 2
Event: 12.205 Thread 0x00000253fb5aafb0 Uncommon trap: trap_request=0xffffffbe fr.pc=0x00000253a2d0a1a0 relative=0x00000000000002e0
Event: 12.205 Thread 0x00000253fb5aafb0 Uncommon trap: reason=profile_predicate action=maybe_recompile pc=0x00000253a2d0a1a0 method=java.util.regex.Pattern$BnM.optimize(Ljava/util/regex/Pattern$Node;)Ljava/util/regex/Pattern$Node; @ 67 c2
Event: 12.205 Thread 0x00000253fb5aafb0 DEOPT PACKING pc=0x00000253a2d0a1a0 sp=0x0000007f76bf6d80
Event: 12.205 Thread 0x00000253fb5aafb0 DEOPT UNPACKING pc=0x00000253a26f23a3 sp=0x0000007f76bf6d28 mode 2
Event: 12.205 Thread 0x00000253fb5aafb0 Uncommon trap: trap_request=0xffffffbe fr.pc=0x00000253a2d0a1a0 relative=0x00000000000002e0
Event: 12.205 Thread 0x00000253fb5aafb0 Uncommon trap: reason=profile_predicate action=maybe_recompile pc=0x00000253a2d0a1a0 method=java.util.regex.Pattern$BnM.optimize(Ljava/util/regex/Pattern$Node;)Ljava/util/regex/Pattern$Node; @ 67 c2
Event: 12.205 Thread 0x00000253fb5aafb0 DEOPT PACKING pc=0x00000253a2d0a1a0 sp=0x0000007f76bf6d80
Event: 12.205 Thread 0x00000253fb5aafb0 DEOPT UNPACKING pc=0x00000253a26f23a3 sp=0x0000007f76bf6d28 mode 2
Event: 12.205 Thread 0x00000253fb5aafb0 Uncommon trap: trap_request=0xffffffbe fr.pc=0x00000253a2d0a1a0 relative=0x00000000000002e0
Event: 12.205 Thread 0x00000253fb5aafb0 Uncommon trap: reason=profile_predicate action=maybe_recompile pc=0x00000253a2d0a1a0 method=java.util.regex.Pattern$BnM.optimize(Ljava/util/regex/Pattern$Node;)Ljava/util/regex/Pattern$Node; @ 67 c2
Event: 12.205 Thread 0x00000253fb5aafb0 DEOPT PACKING pc=0x00000253a2d0a1a0 sp=0x0000007f76bf6d80
Event: 12.205 Thread 0x00000253fb5aafb0 DEOPT UNPACKING pc=0x00000253a26f23a3 sp=0x0000007f76bf6d28 mode 2
Event: 12.320 Thread 0x00000253fabb6130 Uncommon trap: trap_request=0xffffff45 fr.pc=0x00000253a2e93344 relative=0x0000000000000224
Event: 12.320 Thread 0x00000253fabb6130 Uncommon trap: reason=unstable_if action=reinterpret pc=0x00000253a2e93344 method=java.util.HashMap$ValueSpliterator.forEachRemaining(Ljava/util/function/Consumer;)V @ 31 c2
Event: 12.320 Thread 0x00000253fabb6130 DEOPT PACKING pc=0x00000253a2e93344 sp=0x0000007f761fed00
Event: 12.320 Thread 0x00000253fabb6130 DEOPT UNPACKING pc=0x00000253a26f23a3 sp=0x0000007f761feca0 mode 2

Classes unloaded (0 events):
No events

Classes redefined (0 events):
No events

Internal exceptions (20 events):
Event: 10.887 Thread 0x00000253fb5ad830 Exception <a 'java/lang/NoSuchMethodError'{0x0000000756e120e8}: static Lorg/gradle/internal/build/event/types/DefaultTaskStartedProgressEvent;.<clinit>()V> (0x0000000756e120e8) 
thrown [s\open\src\hotspot\share\prims\jni.cpp, line 1107]
Event: 10.887 Thread 0x00000253fb5ad830 Exception <a 'java/lang/NoSuchMethodError'{0x0000000756e139d8}: static Lorg/gradle/internal/build/event/types/AbstractProgressEvent;.<clinit>()V> (0x0000000756e139d8) 
thrown [s\open\src\hotspot\share\prims\jni.cpp, line 1107]
Event: 10.888 Thread 0x00000253fb5ad830 Exception <a 'java/lang/NoSuchMethodError'{0x0000000756e206d8}: static Lorg/gradle/internal/build/event/types/DefaultTaskDescriptor;.<clinit>()V> (0x0000000756e206d8) 
thrown [s\open\src\hotspot\share\prims\jni.cpp, line 1107]
Event: 10.888 Thread 0x00000253fb5ad830 Exception <a 'java/lang/NoSuchMethodError'{0x0000000756e2d740}: static Lorg/gradle/internal/operations/OperationIdentifier;.<clinit>()V> (0x0000000756e2d740) 
thrown [s\open\src\hotspot\share\prims\jni.cpp, line 1107]
Event: 10.889 Thread 0x00000253fb5ad830 Exception <a 'java/lang/NoSuchMethodError'{0x0000000756e38070}: static Lorg/gradle/internal/build/event/types/DefaultTaskFinishedProgressEvent;.<clinit>()V> (0x0000000756e38070) 
thrown [s\open\src\hotspot\share\prims\jni.cpp, line 1107]
Event: 10.891 Thread 0x00000253fb5ad830 Exception <a 'java/lang/NoSuchMethodError'{0x0000000756e57570}: static Lorg/gradle/internal/build/event/types/DefaultTaskSuccessResult;.<clinit>()V> (0x0000000756e57570) 
thrown [s\open\src\hotspot\share\prims\jni.cpp, line 1107]
Event: 10.891 Thread 0x00000253fb5ad830 Exception <a 'java/lang/NoSuchMethodError'{0x0000000756e58b28}: static Lorg/gradle/internal/build/event/types/AbstractTaskResult;.<clinit>()V> (0x0000000756e58b28) 
thrown [s\open\src\hotspot\share\prims\jni.cpp, line 1107]
Event: 10.891 Thread 0x00000253fb5ad830 Exception <a 'java/lang/NoSuchMethodError'{0x0000000756e5a550}: static Lorg/gradle/internal/build/event/types/AbstractResult;.<clinit>()V> (0x0000000756e5a550) 
thrown [s\open\src\hotspot\share\prims\jni.cpp, line 1107]
Event: 10.946 Thread 0x00000253fb5aafb0 Exception <a 'java/lang/ClassNotFoundException'{0x0000000756dd7390}: org/jetbrains/plugins/gradle/tooling/tasks/DependenciesReport$ProjectNameFunctionBeanInfo> (0x0000000756dd7390) 
thrown [s\open\src\hotspot\share\classfile\systemDictionary.cpp, line 256]
Event: 10.947 Thread 0x00000253fb5aafb0 Exception <a 'java/lang/ClassNotFoundException'{0x0000000756ddffc0}: org/jetbrains/plugins/gradle/tooling/tasks/DependenciesReport$ProjectNameFunctionCustomizer> (0x0000000756ddffc0) 
thrown [s\open\src\hotspot\share\classfile\systemDictionary.cpp, line 256]
Event: 10.950 Thread 0x00000253fb5aafb0 Exception <a 'java/lang/ClassNotFoundException'{0x0000000756a056a0}: org/jetbrains/plugins/gradle/tooling/tasks/DependenciesReport$ReportGenerator$IdGeneratorBeanInfo> (0x0000000756a056a0) 
thrown [s\open\src\hotspot\share\classfile\systemDictionary.cpp, line 256]
Event: 10.950 Thread 0x00000253fb5aafb0 Exception <a 'java/lang/ClassNotFoundException'{0x0000000756a0e3c8}: org/jetbrains/plugins/gradle/tooling/tasks/DependenciesReport$ReportGenerator$IdGeneratorCustomizer> (0x0000000756a0e3c8) 
thrown [s\open\src\hotspot\share\classfile\systemDictionary.cpp, line 256]
Event: 10.960 Thread 0x00000253fb5aafb0 Exception <a 'java/lang/NoSuchMethodError'{0x0000000756a7b510}: 'int java.lang.invoke.DirectMethodHandle$Holder.invokeSpecialIFC(java.lang.Object, java.lang.Object, java.lang.Object, java.lang.Object, java.lang.Object)'> (0x0000000756a7b510) 
thrown [s\open\src\hotspot\share\interpreter\linkResolver.cpp, line 759]
Event: 10.970 Thread 0x00000253fb031f30 Implicit null exception at 0x00000253a2f0b8dd to 0x00000253a2f0ba64
Event: 10.972 Thread 0x00000253fb031f30 Implicit null exception at 0x00000253a2e8af4e to 0x00000253a2e8af74
Event: 11.011 Thread 0x00000253fc6cc770 Exception <a 'java/lang/NoSuchMethodError'{0x0000000755f0da50}: 'void java.lang.invoke.DirectMethodHandle$Holder.invokeStatic(java.lang.Object, long)'> (0x0000000755f0da50) 
thrown [s\open\src\hotspot\share\interpreter\linkResolver.cpp, line 759]
Event: 11.013 Thread 0x00000253fc6cc770 Exception <a 'java/lang/NoSuchMethodError'{0x0000000755f188f0}: 'java.lang.Object java.lang.invoke.DirectMethodHandle$Holder.invokeStatic(java.lang.Object, java.lang.Object, long, java.lang.Object)'> (0x0000000755f188f0) 
thrown [s\open\src\hotspot\share\interpreter\linkResolver.cpp, line 759]
Event: 11.014 Thread 0x00000253fc6cc770 Exception <a 'java/lang/NoSuchMethodError'{0x0000000755f1c0c8}: 'java.lang.Object java.lang.invoke.DirectMethodHandle$Holder.invokeStaticInit(java.lang.Object, java.lang.Object, long, java.lang.Object)'> (0x0000000755f1c0c8) 
thrown [s\open\src\hotspot\share\interpreter\linkResolver.cpp, line 759]
Event: 11.132 Thread 0x00000253fc6cc770 Exception <a 'java/lang/NoSuchMethodError'{0x0000000755f2ec60}: 'void java.lang.invoke.DirectMethodHandle$Holder.invokeSpecial(java.lang.Object, java.lang.Object, int)'> (0x0000000755f2ec60) 
thrown [s\open\src\hotspot\share\interpreter\linkResolver.cpp, line 759]
Event: 11.608 Thread 0x00000253fb5aafb0 Exception <a 'java/lang/NoSuchMethodError'{0x0000000752e235a0}: 'void java.lang.invoke.DirectMethodHandle$Holder.invokeStatic(java.lang.Object, java.lang.Object, int, int, java.lang.Object)'> (0x0000000752e235a0) 
thrown [s\open\src\hotspot\share\interpreter\linkResolver.cpp, line 759]

VM Operations (20 events):
Event: 10.364 Executing VM operation: ICBufferFull
Event: 10.365 Executing VM operation: ICBufferFull done
Event: 10.885 Executing VM operation: HandshakeAllThreads
Event: 10.885 Executing VM operation: HandshakeAllThreads done
Event: 11.016 Executing VM operation: HandshakeAllThreads
Event: 11.016 Executing VM operation: HandshakeAllThreads done
Event: 11.133 Executing VM operation: ICBufferFull
Event: 11.133 Executing VM operation: ICBufferFull done
Event: 11.333 Executing VM operation: G1TryInitiateConcMark
Event: 11.340 Executing VM operation: G1TryInitiateConcMark done
Event: 11.629 Executing VM operation: HandshakeAllThreads
Event: 11.630 Executing VM operation: HandshakeAllThreads done
Event: 11.631 Executing VM operation: HandshakeAllThreads
Event: 11.632 Executing VM operation: HandshakeAllThreads done
Event: 11.937 Executing VM operation: G1CollectForAllocation
Event: 11.974 Executing VM operation: G1CollectForAllocation done
Event: 12.283 Executing VM operation: G1CollectForAllocation
Event: 12.312 Executing VM operation: G1CollectForAllocation done
Event: 12.321 Executing VM operation: HandshakeAllThreads
Event: 12.322 Executing VM operation: HandshakeAllThreads done

Events (20 events):
Event: 11.018 Thread 0x00000253fc6cf500 Thread added: 0x00000253fc6cf500
Event: 11.018 Thread 0x00000253fc6ce0c0 Thread added: 0x00000253fc6ce0c0
Event: 11.150 Thread 0x00000253fabc9af0 Thread exited: 0x00000253fabc9af0
Event: 11.150 Thread 0x00000253fabc95a0 Thread exited: 0x00000253fabc95a0
Event: 11.302 Thread 0x00000253fabcaae0 Thread added: 0x00000253fabcaae0
Event: 11.385 loading class java/io/BufferedReader$1
Event: 11.385 loading class java/io/BufferedReader$1 done
Event: 11.439 Thread 0x00000253fabc7b10 Thread added: 0x00000253fabc7b10
Event: 11.615 loading class java/util/concurrent/LinkedBlockingDeque$Itr
Event: 11.615 loading class java/util/concurrent/LinkedBlockingDeque$AbstractItr
Event: 11.615 loading class java/util/concurrent/LinkedBlockingDeque$AbstractItr done
Event: 11.615 loading class java/util/concurrent/LinkedBlockingDeque$Itr done
Event: 12.315 loading class sun/security/ssl/Alert
Event: 12.315 loading class sun/security/ssl/Alert done
Event: 12.316 loading class sun/security/ssl/Alert$AlertConsumer
Event: 12.316 loading class sun/security/ssl/Alert$AlertConsumer done
Event: 12.316 loading class sun/security/ssl/Alert$Level
Event: 12.316 loading class sun/security/ssl/Alert$Level done
Event: 12.320 loading class java/net/SocketTimeoutException
Event: 12.320 loading class java/net/SocketTimeoutException done


Dynamic libraries:
0x00007ff6bcfa0000 - 0x00007ff6bcfb0000 	C:\Program Files\Java\jdk-17\bin\java.exe
0x00007ff857ec0000 - 0x00007ff858127000 	C:\WINDOWS\SYSTEM32\ntdll.dll
0x00007ff8572f0000 - 0x00007ff8573ba000 	C:\WINDOWS\System32\KERNEL32.DLL
0x00007ff855690000 - 0x00007ff855a92000 	C:\WINDOWS\System32\KERNELBASE.dll
0x00007ff851aa0000 - 0x00007ff851b3f000 	C:\WINDOWS\SYSTEM32\apphelp.dll
0x00007ff8553a0000 - 0x00007ff8554ec000 	C:\WINDOWS\System32\ucrtbase.dll
0x00007ff82ca30000 - 0x00007ff82ca4b000 	C:\Program Files\Java\jdk-17\bin\VCRUNTIME140.dll
0x00007ff830d40000 - 0x00007ff830d59000 	C:\Program Files\Java\jdk-17\bin\jli.dll
0x00007ff857080000 - 0x00007ff85713c000 	C:\WINDOWS\System32\ADVAPI32.dll
0x00007ff856310000 - 0x00007ff8563b9000 	C:\WINDOWS\System32\msvcrt.dll
0x00007ff8573c0000 - 0x00007ff857469000 	C:\WINDOWS\System32\sechost.dll
0x00007ff8564e0000 - 0x00007ff8565f8000 	C:\WINDOWS\System32\RPCRT4.dll
0x00007ff856ea0000 - 0x00007ff85706f000 	C:\WINDOWS\System32\USER32.dll
0x00007ff855240000 - 0x00007ff855267000 	C:\WINDOWS\System32\win32u.dll
0x00007ff8324a0000 - 0x00007ff832730000 	C:\WINDOWS\WinSxS\amd64_microsoft.windows.common-controls_6595b64144ccf1df_6.0.26100.9278_none_3e0d1ba8e3303201\COMCTL32.dll
0x00007ff857e40000 - 0x00007ff857e6b000 	C:\WINDOWS\System32\GDI32.dll
0x00007ff855270000 - 0x00007ff855399000 	C:\WINDOWS\System32\gdi32full.dll
0x00007ff8550d0000 - 0x00007ff855173000 	C:\WINDOWS\System32\msvcp_win.dll
0x00007ff84e100000 - 0x00007ff84e10b000 	C:\WINDOWS\SYSTEM32\VERSION.dll
0x00007ff857c10000 - 0x00007ff857c41000 	C:\WINDOWS\System32\IMM32.DLL
0x00007ff82ca20000 - 0x00007ff82ca2c000 	C:\Program Files\Java\jdk-17\bin\vcruntime140_1.dll
0x00007fff62fe0000 - 0x00007fff6306e000 	C:\Program Files\Java\jdk-17\bin\msvcp140.dll
0x00007fff4e8e0000 - 0x00007fff4f4c1000 	C:\Program Files\Java\jdk-17\bin\server\jvm.dll
0x00007ff856e90000 - 0x00007ff856e98000 	C:\WINDOWS\System32\PSAPI.DLL
0x00007ff84a780000 - 0x00007ff84a7b6000 	C:\WINDOWS\SYSTEM32\WINMM.dll
0x00007ff825a70000 - 0x00007ff825a7a000 	C:\WINDOWS\SYSTEM32\WSOCK32.dll
0x00007ff8571e0000 - 0x00007ff857260000 	C:\WINDOWS\System32\WS2_32.dll
0x00007ff853da0000 - 0x00007ff853dbb000 	C:\WINDOWS\SYSTEM32\kernel.appcore.dll
0x00007ff82a510000 - 0x00007ff82a51a000 	C:\Program Files\Java\jdk-17\bin\jimage.dll
0x00007ff852760000 - 0x00007ff8529a2000 	C:\WINDOWS\SYSTEM32\DBGHELP.DLL
0x00007ff855c50000 - 0x00007ff855fd4000 	C:\WINDOWS\System32\combase.dll
0x00007ff856a90000 - 0x00007ff856b69000 	C:\WINDOWS\System32\OLEAUT32.dll
0x00007ff839710000 - 0x00007ff83974b000 	C:\WINDOWS\SYSTEM32\dbgcore.DLL
0x00007ff855180000 - 0x00007ff85522c000 	C:\WINDOWS\System32\bcryptPrimitives.dll
0x00007ff825e70000 - 0x00007ff825e7e000 	C:\Program Files\Java\jdk-17\bin\instrument.dll
0x00007ff81c490000 - 0x00007ff81c4b5000 	C:\Program Files\Java\jdk-17\bin\java.dll
0x00007fff58960000 - 0x00007fff58a37000 	C:\Program Files\Java\jdk-17\bin\jsvml.dll
0x00007ff857470000 - 0x00007ff857c08000 	C:\WINDOWS\System32\SHELL32.dll
0x00007ff852b70000 - 0x00007ff85341e000 	C:\WINDOWS\SYSTEM32\windows.storage.dll
0x00007ff856cd0000 - 0x00007ff856dcb000 	C:\WINDOWS\System32\SHCORE.dll
0x00007ff856470000 - 0x00007ff8564d6000 	C:\WINDOWS\System32\shlwapi.dll
0x00007ff854ff0000 - 0x00007ff855019000 	C:\WINDOWS\SYSTEM32\profapi.dll
0x00007ff818b90000 - 0x00007ff818ba8000 	C:\Program Files\Java\jdk-17\bin\zip.dll
0x00007ff818b70000 - 0x00007ff818b89000 	C:\Program Files\Java\jdk-17\bin\net.dll
0x00007ff84e640000 - 0x00007ff84e76a000 	C:\WINDOWS\SYSTEM32\WINHTTP.dll
0x00007ff854360000 - 0x00007ff8543cc000 	C:\WINDOWS\system32\mswsock.dll
0x00007ff818b50000 - 0x00007ff818b66000 	C:\Program Files\Java\jdk-17\bin\nio.dll
0x00007ff825e60000 - 0x00007ff825e70000 	C:\Program Files\Java\jdk-17\bin\verify.dll
0x00007ff82a820000 - 0x00007ff82a847000 	C:\Users\owenr\.gradle\native\c067742578af261105cb4f569cf0c3c89f3d7b1fecec35dd04571415982c5e48\windows-amd64\native-platform.dll
0x00007fff58810000 - 0x00007fff58954000 	C:\Users\owenr\.gradle\native\100fb08df4bc3b14c8652ba06237920a3bd2aa13389f12d3474272988ae205f9\windows-amd64\native-platform-file-events.dll
0x00007ff825bf0000 - 0x00007ff825bfa000 	C:\Program Files\Java\jdk-17\bin\management.dll
0x00007ff825aa0000 - 0x00007ff825aab000 	C:\Program Files\Java\jdk-17\bin\management_ext.dll
0x00007ff854670000 - 0x00007ff85468b000 	C:\WINDOWS\SYSTEM32\CRYPTSP.dll
0x00007ff853d00000 - 0x00007ff853d39000 	C:\WINDOWS\system32\rsaenh.dll
0x00007ff854410000 - 0x00007ff854444000 	C:\WINDOWS\SYSTEM32\USERENV.dll
0x00007ff854fc0000 - 0x00007ff854fea000 	C:\WINDOWS\SYSTEM32\bcrypt.dll
0x00007ff854650000 - 0x00007ff85465c000 	C:\WINDOWS\SYSTEM32\CRYPTBASE.dll
0x00007ff853770000 - 0x00007ff8537a3000 	C:\WINDOWS\SYSTEM32\IPHLPAPI.DLL
0x00007ff857e10000 - 0x00007ff857e1a000 	C:\WINDOWS\System32\NSI.dll
0x00007ff84ea20000 - 0x00007ff84ea3d000 	C:\WINDOWS\SYSTEM32\dhcpcsvc6.DLL
0x00007ff84e2c0000 - 0x00007ff84e2e5000 	C:\WINDOWS\SYSTEM32\dhcpcsvc.DLL
0x00007ff853860000 - 0x00007ff8539b8000 	C:\WINDOWS\SYSTEM32\DNSAPI.dll
0x00007ff854140000 - 0x00007ff85414d000 	C:\WINDOWS\SYSTEM32\DSPARSE.dll
0x00007ff81d4c0000 - 0x00007ff81d4ce000 	C:\Program Files\Java\jdk-17\bin\sunmscapi.dll
0x00007ff855500000 - 0x00007ff85567e000 	C:\WINDOWS\System32\CRYPT32.dll
0x00007ff854890000 - 0x00007ff8548c0000 	C:\WINDOWS\SYSTEM32\ncrypt.dll
0x00007ff854840000 - 0x00007ff85487f000 	C:\WINDOWS\SYSTEM32\NTASN1.dll
0x00007ff832220000 - 0x00007ff832228000 	C:\WINDOWS\system32\wshunix.dll
0x00007ff843c70000 - 0x00007ff843c7b000 	C:\Windows\System32\rasadhlp.dll
0x00007ff84a870000 - 0x00007ff84a8f6000 	C:\WINDOWS\System32\fwpuclnt.dll

dbghelp: loaded successfully - version: 4.0.5 - missing functions: none
symbol engine: initialized successfully - sym options: 0x614 - pdb path: .;C:\Program Files\Java\jdk-17\bin;C:\WINDOWS\SYSTEM32;C:\WINDOWS\WinSxS\amd64_microsoft.windows.common-controls_6595b64144ccf1df_6.0.26100.9278_none_3e0d1ba8e3303201;C:\Program Files\Java\jdk-17\bin\server;C:\Users\owenr\.gradle\native\c067742578af261105cb4f569cf0c3c89f3d7b1fecec35dd04571415982c5e48\windows-amd64;C:\Users\owenr\.gradle\native\100fb08df4bc3b14c8652ba06237920a3bd2aa13389f12d3474272988ae205f9\windows-amd64

VM Arguments:
jvm_args: --add-opens=java.base/java.util=ALL-UNNAMED --add-opens=java.base/java.lang=ALL-UNNAMED --add-opens=java.base/java.lang.invoke=ALL-UNNAMED --add-opens=java.prefs/java.util.prefs=ALL-UNNAMED --add-opens=java.base/java.nio.charset=ALL-UNNAMED --add-opens=java.base/java.net=ALL-UNNAMED --add-opens=java.base/java.util.concurrent.atomic=ALL-UNNAMED -Xmx3G -Dfile.encoding=windows-1252 -Duser.country=US -Duser.language=en -Duser.variant -javaagent:C:\Users\owenr\.gradle\wrapper\dists\gradle-8.8-bin\dl7vupf4psengwqhwktix4v1\gradle-8.8\lib\agents\gradle-instrumentation-agent-8.8.jar 
java_command: org.gradle.launcher.daemon.bootstrap.GradleDaemon 8.8
java_class_path (initial): C:\Users\owenr\.gradle\wrapper\dists\gradle-8.8-bin\dl7vupf4psengwqhwktix4v1\gradle-8.8\lib\gradle-launcher-8.8.jar
Launcher Type: SUN_STANDARD

[Global flags]
     intx CICompilerCount                          = 4                                         {product} {ergonomic}
     uint ConcGCThreads                            = 3                                         {product} {ergonomic}
     uint G1ConcRefinementThreads                  = 10                                        {product} {ergonomic}
   size_t G1HeapRegionSize                         = 2097152                                   {product} {ergonomic}
    uintx GCDrainStackTargetSize                   = 64                                        {product} {ergonomic}
   size_t InitialHeapSize                          = 257949696                                 {product} {ergonomic}
   size_t MarkStackSize                            = 4194304                                   {product} {ergonomic}
   size_t MaxHeapSize                              = 3221225472                                {product} {command line}
   size_t MaxNewSize                               = 1931476992                                {product} {ergonomic}
   size_t MinHeapDeltaBytes                        = 2097152                                   {product} {ergonomic}
   size_t MinHeapSize                              = 8388608                                   {product} {ergonomic}
    uintx NonNMethodCodeHeapSize                   = 5839372                                {pd product} {ergonomic}
    uintx NonProfiledCodeHeapSize                  = 122909434                              {pd product} {ergonomic}
    uintx ProfiledCodeHeapSize                     = 122909434                              {pd product} {ergonomic}
    uintx ReservedCodeCacheSize                    = 251658240                              {pd product} {ergonomic}
     bool SegmentedCodeCache                       = true                                      {product} {ergonomic}
   size_t SoftMaxHeapSize                          = 3221225472                             {manageable} {ergonomic}
     bool UseCompressedClassPointers               = true                           {product lp64_product} {ergonomic}
     bool UseCompressedOops                        = true                           {product lp64_product} {ergonomic}
     bool UseG1GC                                  = true                                      {product} {ergonomic}
     bool UseLargePagesIndividualAllocation        = false                                  {pd product} {ergonomic}

Logging:
Log output configuration:
 #0: stdout all=warning uptime,level,tags
 #1: stderr all=off uptime,level,tags

Environment Variables:
PATH=C:\Program Files\Common Files\Oracle\Java\javapath;C:\Program Files (x86)\Common Files\Oracle\Java\java8path;C:\Program Files (x86)\Common Files\Oracle\Java\javapath;C:\Program Files (x86)\NVIDIA Corporation\PhysX\Common;C:\Program Files\Oculus\Support\oculus-runtime;C:\WINDOWS\system32;C:\WINDOWS;C:\WINDOWS\System32\Wbem;C:\WINDOWS\System32\WindowsPowerShell\v1.0\;C:\WINDOWS\System32\OpenSSH\;C:\WINDOWS\system32;C:\WINDOWS;C:\WINDOWS\System32\Wbem;C:\WINDOWS\System32\WindowsPowerShell\v1.0\;C:\WINDOWS\System32\OpenSSH\;C:\Program Files\dotnet\;C:\Program Files\Git\cmd;C:\Users\owenr\AppData\Local\Programs\Python\Python314\Scripts\;C:\Users\owenr\AppData\Local\Programs\Python\Python314\;C:\Users\owenr\AppData\Local\Microsoft\WindowsApps;C:\Users\owenr\AppData\Local\Programs\Microsoft VS Code\bin;C:\Users\owenr\AppData\Local\GitHubDesktop\bin
USERNAME=owenr
OS=Windows_NT
PROCESSOR_IDENTIFIER=AMD64 Family 25 Model 80 Stepping 0, AuthenticAMD



---------------  S Y S T E M  ---------------

OS:
 Windows 11 , 64 bit Build 26100 (10.0.26100.9278)
OS uptime: 0 days 11:22 hours

CPU: total 12 (initial active 12) (12 cores per cpu, 2 threads per core) family 25 model 80 stepping 0 microcode 0xa500011, cx8, cmov, fxsr, ht, mmx, 3dnowpref, sse, sse2, sse3, ssse3, sse4a, sse4.1, sse4.2, popcnt, lzcnt, tsc, tscinvbit, avx, avx2, aes, erms, clmul, bmi1, bmi2, adx, sha, fma, vzeroupper, clflush, clflushopt

Memory: 4k page, system-wide physical 15711M (1872M free)
TotalPageFile size 25711M (AvailPageFile size 10M)
current process WorkingSet (physical memory assigned to process): 775M, peak: 775M
current process commit charge ("private bytes"): 833M, peak: 834M

vm_info: Java HotSpot(TM) 64-Bit Server VM (17.0.9+11-LTS-201) for windows-amd64 JRE (17.0.9+11-LTS-201), built on Oct 10 2023 23:16:06 by "mach5one" with MS VC++ 17.1 (VS2022)

END.
